Archive member included to satisfy reference by file (symbol)

/home/imerir/STM32/SystemWorkbench/plugins/fr.ac6.mcu.externaltools.arm-none.linux64_1.13.1.201703061524/tools/compiler/bin/../lib/gcc/arm-none-eabi/5.4.1/armv7e-m/fpu/libgcc.a(_aeabi_ldivmod.o)
                              Drivers/BSP/Components/lsm303agr/LSM303AGR_ACC_driver.o (__aeabi_ldivmod)
/home/imerir/STM32/SystemWorkbench/plugins/fr.ac6.mcu.externaltools.arm-none.linux64_1.13.1.201703061524/tools/compiler/bin/../lib/gcc/arm-none-eabi/5.4.1/armv7e-m/fpu/libgcc.a(_aeabi_uldivmod.o)
                              Drivers/STM32L4xx_HAL_Driver/Src/stm32l4xx_hal_uart.o (__aeabi_uldivmod)
/home/imerir/STM32/SystemWorkbench/plugins/fr.ac6.mcu.externaltools.arm-none.linux64_1.13.1.201703061524/tools/compiler/bin/../lib/gcc/arm-none-eabi/5.4.1/armv7e-m/fpu/libgcc.a(_udivmoddi4.o)
                              /home/imerir/STM32/SystemWorkbench/plugins/fr.ac6.mcu.externaltools.arm-none.linux64_1.13.1.201703061524/tools/compiler/bin/../lib/gcc/arm-none-eabi/5.4.1/armv7e-m/fpu/libgcc.a(_aeabi_ldivmod.o) (__udivmoddi4)
/home/imerir/STM32/SystemWorkbench/plugins/fr.ac6.mcu.externaltools.arm-none.linux64_1.13.1.201703061524/tools/compiler/bin/../lib/gcc/arm-none-eabi/5.4.1/armv7e-m/fpu/libgcc.a(_dvmd_tls.o)
                              /home/imerir/STM32/SystemWorkbench/plugins/fr.ac6.mcu.externaltools.arm-none.linux64_1.13.1.201703061524/tools/compiler/bin/../lib/gcc/arm-none-eabi/5.4.1/armv7e-m/fpu/libgcc.a(_aeabi_ldivmod.o) (__aeabi_ldiv0)
/home/imerir/STM32/SystemWorkbench/plugins/fr.ac6.mcu.externaltools.arm-none.linux64_1.13.1.201703061524/tools/compiler/bin/../lib/gcc/arm-none-eabi/5.4.1/../../../../arm-none-eabi/lib/armv7e-m/fpu/libc_nano.a(lib_a-exit.o)
                              /home/imerir/STM32/SystemWorkbench/plugins/fr.ac6.mcu.externaltools.arm-none.linux64_1.13.1.201703061524/tools/compiler/bin/../lib/gcc/arm-none-eabi/5.4.1/../../../../arm-none-eabi/lib/armv7e-m/fpu/crt0.o (exit)
/home/imerir/STM32/SystemWorkbench/plugins/fr.ac6.mcu.externaltools.arm-none.linux64_1.13.1.201703061524/tools/compiler/bin/../lib/gcc/arm-none-eabi/5.4.1/../../../../arm-none-eabi/lib/armv7e-m/fpu/libc_nano.a(lib_a-impure.o)
                              /home/imerir/STM32/SystemWorkbench/plugins/fr.ac6.mcu.externaltools.arm-none.linux64_1.13.1.201703061524/tools/compiler/bin/../lib/gcc/arm-none-eabi/5.4.1/../../../../arm-none-eabi/lib/armv7e-m/fpu/libc_nano.a(lib_a-exit.o) (_global_impure_ptr)
/home/imerir/STM32/SystemWorkbench/plugins/fr.ac6.mcu.externaltools.arm-none.linux64_1.13.1.201703061524/tools/compiler/bin/../lib/gcc/arm-none-eabi/5.4.1/../../../../arm-none-eabi/lib/armv7e-m/fpu/libc_nano.a(lib_a-init.o)
                              /home/imerir/STM32/SystemWorkbench/plugins/fr.ac6.mcu.externaltools.arm-none.linux64_1.13.1.201703061524/tools/compiler/bin/../lib/gcc/arm-none-eabi/5.4.1/../../../../arm-none-eabi/lib/armv7e-m/fpu/crt0.o (__libc_init_array)
/home/imerir/STM32/SystemWorkbench/plugins/fr.ac6.mcu.externaltools.arm-none.linux64_1.13.1.201703061524/tools/compiler/bin/../lib/gcc/arm-none-eabi/5.4.1/../../../../arm-none-eabi/lib/armv7e-m/fpu/libc_nano.a(lib_a-malloc.o)
                              LIBS/WS2813.o (malloc)
/home/imerir/STM32/SystemWorkbench/plugins/fr.ac6.mcu.externaltools.arm-none.linux64_1.13.1.201703061524/tools/compiler/bin/../lib/gcc/arm-none-eabi/5.4.1/../../../../arm-none-eabi/lib/armv7e-m/fpu/libc_nano.a(lib_a-memcpy-stub.o)
                              Middlewares/Third_Party/FreeRTOS/Source/queue.o (memcpy)
/home/imerir/STM32/SystemWorkbench/plugins/fr.ac6.mcu.externaltools.arm-none.linux64_1.13.1.201703061524/tools/compiler/bin/../lib/gcc/arm-none-eabi/5.4.1/../../../../arm-none-eabi/lib/armv7e-m/fpu/libc_nano.a(lib_a-memset.o)
                              /home/imerir/STM32/SystemWorkbench/plugins/fr.ac6.mcu.externaltools.arm-none.linux64_1.13.1.201703061524/tools/compiler/bin/../lib/gcc/arm-none-eabi/5.4.1/../../../../arm-none-eabi/lib/armv7e-m/fpu/crt0.o (memset)
/home/imerir/STM32/SystemWorkbench/plugins/fr.ac6.mcu.externaltools.arm-none.linux64_1.13.1.201703061524/tools/compiler/bin/../lib/gcc/arm-none-eabi/5.4.1/../../../../arm-none-eabi/lib/armv7e-m/fpu/libc_nano.a(lib_a-nano-freer.o)
                              /home/imerir/STM32/SystemWorkbench/plugins/fr.ac6.mcu.externaltools.arm-none.linux64_1.13.1.201703061524/tools/compiler/bin/../lib/gcc/arm-none-eabi/5.4.1/../../../../arm-none-eabi/lib/armv7e-m/fpu/libc_nano.a(lib_a-malloc.o) (_free_r)
/home/imerir/STM32/SystemWorkbench/plugins/fr.ac6.mcu.externaltools.arm-none.linux64_1.13.1.201703061524/tools/compiler/bin/../lib/gcc/arm-none-eabi/5.4.1/../../../../arm-none-eabi/lib/armv7e-m/fpu/libc_nano.a(lib_a-nano-mallocr.o)
[...]
Memory Configuration

Name             Origin             Length             Attributes
RAM              0x20000000         0x00018000         xrw
RAM2             0x10000000         0x00008000         xrw
FLASH            0x08000000         0x00100000         xr
*default*        0x00000000         0xffffffff

Linker script and memory map

LOAD /home/imerir/STM32/SystemWorkbench/plugins/fr.ac6.mcu.externaltools.arm-none.linux64_1.13.1.201703061524/tools/compiler/bin/../lib/gcc/arm-none-eabi/5.4.1/armv7e-m/fpu/crti.o
LOAD /home/imerir/STM32/SystemWorkbench/plugins/fr.ac6.mcu.externaltools.arm-none.linux64_1.13.1.201703061524/tools/compiler/bin/../lib/gcc/arm-none-eabi/5.4.1/armv7e-m/fpu/crtbegin.o
LOAD /home/imerir/STM32/SystemWorkbench/plugins/fr.ac6.mcu.externaltools.arm-none.linux64_1.13.1.201703061524/tools/compiler/bin/../lib/gcc/arm-none-eabi/5.4.1/../../../../arm-none-eabi/lib/armv7e-m/fpu/crt0.o
LOAD /home/imerir/STM32/SystemWorkbench/plugins/fr.ac6.mcu.externaltools.arm-none.linux64_1.13.1.201703061524/tools/compiler/bin/../lib/gcc/arm-none-eabi/5.4.1/../../../../arm-none-eabi/lib/armv7e-m/fpu/libm.a
LOAD Drivers/BSP/Components/hts221/HTS221_Driver.o
LOAD Drivers/BSP/Components/hts221/HTS221_Driver_HL.o
LOAD Drivers/BSP/Components/lis3mdl/LIS3MDL_MAG_driver.o
LOAD Drivers/BSP/Components/lis3mdl/LIS3MDL_MAG_driver_HL.o
LOAD Drivers/BSP/Components/lps22hb/LPS22HB_Driver.o
LOAD Drivers/BSP/Components/lps22hb/LPS22HB_Driver_HL.o
LOAD Drivers/BSP/Components/lps25hb/LPS25HB_Driver.o
LOAD Drivers/BSP/Components/lps25hb/LPS25HB_Driver_HL.o
LOAD Drivers/BSP/Components/lsm303agr/LSM303AGR_ACC_driver.o
LOAD Drivers/BSP/Components/lsm303agr/LSM303AGR_ACC_driver_HL.o
LOAD Drivers/BSP/Components/lsm303agr/LSM303AGR_MAG_driver.o
LOAD Drivers/BSP/Components/lsm303agr/LSM303AGR_MAG_driver_HL.o
LOAD Drivers/BSP/Components/lsm6ds0/LSM6DS0_ACC_GYRO_driver.o
LOAD Drivers/BSP/Components/lsm6ds0/LSM6DS0_ACC_GYRO_driver_HL.o
LOAD Drivers/BSP/Components/lsm6ds3/LSM6DS3_ACC_GYRO_driver.o
LOAD Drivers/BSP/Components/lsm6ds3/LSM6DS3_ACC_GYRO_driver_HL.o
LOAD Drivers/BSP/Components/lsm6dsl/LSM6DSL_ACC_GYRO_driver.o
LOAD Drivers/BSP/Components/lsm6dsl/LSM6DSL_ACC_GYRO_driver_HL.o
LOAD Drivers/BSP/STM32L4xx_Nucleo/stm32l4xx_nucleo.o
LOAD Drivers/BSP/X_NUCLEO_IKS01A2/x_nucleo_iks01a2.o
LOAD Drivers/BSP/X_NUCLEO_IKS01A2/x_nucleo_iks01a2_accelero.o
LOAD Drivers/STM32L4xx_HAL_Driver/Src/stm32l4xx_hal.o
LOAD Drivers/STM32L4xx_HAL_Driver/Src/stm32l4xx_hal_cortex.o
LOAD Drivers/STM32L4xx_HAL_Driver/Src/stm32l4xx_hal_dma.o
LOAD Drivers/STM32L4xx_HAL_Driver/Src/stm32l4xx_hal_dma_ex.o
LOAD Drivers/STM32L4xx_HAL_Driver/Src/stm32l4xx_hal_flash.o
LOAD Drivers/STM32L4xx_HAL_Driver/Src/stm32l4xx_hal_flash_ex.o
LOAD Drivers/STM32L4xx_HAL_Driver/Src/stm32l4xx_hal_flash_ramfunc.o
LOAD Drivers/STM32L4xx_HAL_Driver/Src/stm32l4xx_hal_gpio.o
LOAD Drivers/STM32L4xx_HAL_Driver/Src/stm32l4xx_hal_i2c.o
LOAD Drivers/STM32L4xx_HAL_Driver/Src/stm32l4xx_hal_i2c_ex.o
LOAD Drivers/STM32L4xx_HAL_Driver/Src/stm32l4xx_hal_pwr.o
LOAD Drivers/STM32L4xx_HAL_Driver/Src/stm32l4xx_hal_pwr_ex.o
LOAD Drivers/STM32L4xx_HAL_Driver/Src/stm32l4xx_hal_rcc.o
LOAD Drivers/STM32L4xx_HAL_Driver/Src/stm32l4xx_hal_rcc_ex.o
LOAD Drivers/STM32L4xx_HAL_Driver/Src/stm32l4xx_hal_tim.o
LOAD Drivers/STM32L4xx_HAL_Driver/Src/stm32l4xx_hal_tim_ex.o
LOAD Drivers/STM32L4xx_HAL_Driver/Src/stm32l4xx_hal_uart.o
LOAD Drivers/STM32L4xx_HAL_Driver/Src/stm32l4xx_hal_uart_ex.o
LOAD LIBS/WS2813.o
LOAD Middlewares/Third_Party/FreeRTOS/Source/CMSIS_RTOS/cmsis_os.o
LOAD Middlewares/Third_Party/FreeRTOS/Source/croutine.o
LOAD Middlewares/Third_Party/FreeRTOS/Source/event_groups.o
LOAD Middlewares/Third_Party/FreeRTOS/Source/list.o
LOAD Middlewares/Third_Party/FreeRTOS/Source/queue.o
LOAD Middlewares/Third_Party/FreeRTOS/Source/tasks.o
LOAD Middlewares/Third_Party/FreeRTOS/Source/timers.o
LOAD Middlewares/Third_Party/FreeRTOS/Source/portable/GCC/ARM_CM4F/port.o
LOAD Middlewares/Third_Party/FreeRTOS/Source/portable/MemMang/heap_4.o
LOAD Src/dma.o
LOAD Src/freertos.o
LOAD Src/gpio.o
LOAD Src/main.o
LOAD Src/stm32l4xx_hal_msp.o
LOAD Src/stm32l4xx_hal_timebase_TIM.o
LOAD Src/stm32l4xx_it.o
LOAD Src/system_stm32l4xx.o
LOAD Src/tim.o
LOAD Src/usart.o
LOAD startup/startup_stm32l476xx.o
START GROUP
LOAD /home/imerir/STM32/SystemWorkbench/plugins/fr.ac6.mcu.externaltools.arm-none.linux64_1.13.1.201703061524/tools/compiler/bin/../lib/gcc/arm-none-eabi/5.4.1/armv7e-m/fpu/libgcc.a
LOAD /home/imerir/STM32/SystemWorkbench/plugins/fr.ac6.mcu.externaltools.arm-none.linux64_1.13.1.201703061524/tools/compiler/bin/../lib/gcc/arm-none-eabi/5.4.1/../../../../arm-none-eabi/lib/armv7e-m/fpu/libc_nano.a
END GROUP
START GROUP
LOAD /home/imerir/STM32/SystemWorkbench/plugins/fr.ac6.mcu.externaltools.arm-none.linux64_1.13.1.201703061524/tools/compiler/bin/../lib/gcc/arm-none-eabi/5.4.1/armv7e-m/fpu/libgcc.a
LOAD /home/imerir/STM32/SystemWorkbench/plugins/fr.ac6.mcu.externaltools.arm-none.linux64_1.13.1.201703061524/tools/compiler/bin/../lib/gcc/arm-none-eabi/5.4.1/../../../../arm-none-eabi/lib/armv7e-m/fpu/libc_nano.a
LOAD /home/imerir/STM32/SystemWorkbench/plugins/fr.ac6.mcu.externaltools.arm-none.linux64_1.13.1.201703061524/tools/compiler/bin/../lib/gcc/arm-none-eabi/5.4.1/../../../../arm-none-eabi/lib/armv7e-m/fpu/libnosys.a
END GROUP
START GROUP
LOAD /home/imerir/STM32/SystemWorkbench/plugins/fr.ac6.mcu.externaltools.arm-none.linux64_1.13.1.201703061524/tools/compiler/bin/../lib/gcc/arm-none-eabi/5.4.1/armv7e-m/fpu/libgcc.a
LOAD /home/imerir/STM32/SystemWorkbench/plugins/fr.ac6.mcu.externaltools.arm-none.linux64_1.13.1.201703061524/tools/compiler/bin/../lib/gcc/arm-none-eabi/5.4.1/../../../../arm-none-eabi/lib/armv7e-m/fpu/libc_nano.a
LOAD /home/imerir/STM32/SystemWorkbench/plugins/fr.ac6.mcu.externaltools.arm-none.linux64_1.13.1.201703061524/tools/compiler/bin/../lib/gcc/arm-none-eabi/5.4.1/../../../../arm-none-eabi/lib/armv7e-m/fpu/libnosys.a
END GROUP
LOAD /home/imerir/STM32/SystemWorkbench/plugins/fr.ac6.mcu.externaltools.arm-none.linux64_1.13.1.201703061524/tools/compiler/bin/../lib/gcc/arm-none-eabi/5.4.1/armv7e-m/fpu/crtend.o
LOAD /home/imerir/STM32/SystemWorkbench/plugins/fr.ac6.mcu.externaltools.arm-none.linux64_1.13.1.201703061524/tools/compiler/bin/../lib/gcc/arm-none-eabi/5.4.1/armv7e-m/fpu/crtn.o
                0x20018000                _estack = 0x20018000
                0x00000200                _Min_Heap_Size = 0x200
                0x00000400                _Min_Stack_Size = 0x400

.isr_vector     0x08000000      0x188
                0x08000000                . = ALIGN (0x8)
 *(.isr_vector)
 .isr_vector    0x08000000      0x188 startup/startup_stm32l476xx.o
                0x08000000                g_pfnVectors
                0x08000188                . = ALIGN (0x8)

.text           0x08000190     0xa638
                0x08000190                . = ALIGN (0x8)
 *(.text)
 .text          0x08000190       0x5c /home/imerir/STM32/SystemWorkbench/plugins/fr.ac6.mcu.externaltools.arm-none.linux64_1.13.1.201703061524/tools/compiler/bin/../lib/gcc/arm-none-eabi/5.4.1/armv7e-m/fpu/crtbegin.o
 .text          0x080001ec       0xa0 /home/imerir/STM32/SystemWorkbench/plugins/fr.ac6.mcu.externaltools.arm-none.linux64_1.13.1.201703061524/tools/compiler/bin/../lib/gcc/arm-none-eabi/5.4.1/armv7e-m/fpu/libgcc.a(_aeabi_ldivmod.o)
                0x080001ec                __aeabi_ldivmod
 .text          0x0800028c       0x30 /home/imerir/STM32/SystemWorkbench/plugins/fr.ac6.mcu.externaltools.arm-none.linux64_1.13.1.201703061524/tools/compiler/bin/../lib/gcc/arm-none-eabi/5.4.1/armv7e-m/fpu/libgcc.a(_aeabi_uldivmod.o)
                0x0800028c                __aeabi_uldivmod
 .text          0x080002bc      0x2e4 /home/imerir/STM32/SystemWorkbench/plugins/fr.ac6.mcu.externaltools.arm-none.linux64_1.13.1.201703061524/tools/compiler/bin/../lib/gcc/arm-none-eabi/5.4.1/armv7e-m/fpu/libgcc.a(_udivmoddi4.o)
                0x080002bc                __udivmoddi4
 .text          0x080005a0        0x4 /home/imerir/STM32/SystemWorkbench/plugins/fr.ac6.mcu.externaltools.arm-none.linux64_1.13.1.201703061524/tools/compiler/bin/../lib/gcc/arm-none-eabi/5.4.1/armv7e-m/fpu/libgcc.a(_dvmd_tls.o)
                0x080005a0                __aeabi_ldiv0
                0x080005a0                __aeabi_idiv0
 .text          0x080005a4       0x10 /home/imerir/STM32/SystemWorkbench/plugins/fr.ac6.mcu.externaltools.arm-none.linux64_1.13.1.201703061524/tools/compiler/bin/../lib/gcc/arm-none-eabi/5.4.1/../../../../arm-none-eabi/lib/armv7e-m/fpu/libc_nano.a(lib_a-strlen.o)
                0x080005a4                strlen
 *fill*         0x080005b4        0xc 
 .text          0x080005c0       0xa0 /home/imerir/STM32/SystemWorkbench/plugins/fr.ac6.mcu.externaltools.arm-none.linux64_1.13.1.201703061524/tools/compiler/bin/../lib/gcc/arm-none-eabi/5.4.1/../../../../arm-none-eabi/lib/armv7e-m/fpu/libc_nano.a(lib_a-memchr.o)
                0x080005c0                memchr
 *(.text*)
 .text.LSM303AGR_ACC_WriteReg
                0x08000660       0x10 Drivers/BSP/Components/lsm303agr/LSM303AGR_ACC_driver.o
                0x08000660                LSM303AGR_ACC_WriteReg
 .text.LSM303AGR_ACC_ReadReg
                0x08000670       0x10 Drivers/BSP/Components/lsm303agr/LSM303AGR_ACC_driver.o
                0x08000670                LSM303AGR_ACC_ReadReg
 .text.LSM303AGR_ACC_R_WHO_AM_I
                0x08000680       0x18 Drivers/BSP/Components/lsm303agr/LSM303AGR_ACC_driver.o
                0x08000680                LSM303AGR_ACC_R_WHO_AM_I
 .text.LSM303AGR_ACC_W_BlockDataUpdate
                0x08000698       0x40 Drivers/BSP/Components/lsm303agr/LSM303AGR_ACC_driver.o
                0x08000698                LSM303AGR_ACC_W_BlockDataUpdate
 .text.LSM303AGR_ACC_W_FullScale
                0x080006d8       0x40 Drivers/BSP/Components/lsm303agr/LSM303AGR_ACC_driver.o
                0x080006d8                LSM303AGR_ACC_W_FullScale
 .text.LSM303AGR_ACC_R_FullScale
                0x08000718       0x20 Drivers/BSP/Components/lsm303agr/LSM303AGR_ACC_driver.o
                0x08000718                LSM303AGR_ACC_R_FullScale
 .text.LSM303AGR_ACC_Get_Raw_Acceleration
                0x08000738       0x18 Drivers/BSP/Components/lsm303agr/LSM303AGR_ACC_driver.o
                0x08000738                LSM303AGR_ACC_Get_Raw_Acceleration
 .text.LSM303AGR_ACC_W_ODR
                0x08000750       0x40 Drivers/BSP/Components/lsm303agr/LSM303AGR_ACC_driver.o
                0x08000750                LSM303AGR_ACC_W_ODR
 .text.LSM303AGR_ACC_R_ODR
                0x08000790       0x20 Drivers/BSP/Components/lsm303agr/LSM303AGR_ACC_driver.o
                0x08000790                LSM303AGR_ACC_R_ODR
 .text.LSM303AGR_ACC_W_XEN
                0x080007b0       0x40 Drivers/BSP/Components/lsm303agr/LSM303AGR_ACC_driver.o
                0x080007b0                LSM303AGR_ACC_W_XEN
 .text.LSM303AGR_ACC_R_XEN
                0x080007f0       0x20 Drivers/BSP/Components/lsm303agr/LSM303AGR_ACC_driver.o
                0x080007f0                LSM303AGR_ACC_R_XEN
 .text.LSM303AGR_ACC_W_YEN
                0x08000810       0x40 Drivers/BSP/Components/lsm303agr/LSM303AGR_ACC_driver.o
                0x08000810                LSM303AGR_ACC_W_YEN
 .text.LSM303AGR_ACC_R_YEN
                0x08000850       0x20 Drivers/BSP/Components/lsm303agr/LSM303AGR_ACC_driver.o
                0x08000850                LSM303AGR_ACC_R_YEN
 .text.LSM303AGR_ACC_W_ZEN
                0x08000870       0x40 Drivers/BSP/Components/lsm303agr/LSM303AGR_ACC_driver.o
                0x08000870                LSM303AGR_ACC_W_ZEN
 .text.LSM303AGR_ACC_R_ZEN
                0x080008b0       0x20 Drivers/BSP/Components/lsm303agr/LSM303AGR_ACC_driver.o
                0x080008b0                LSM303AGR_ACC_R_ZEN
 .text.LSM303AGR_ACC_R_LOWPWR_EN
                0x080008d0       0x20 Drivers/BSP/Components/lsm303agr/LSM303AGR_ACC_driver.o
                0x080008d0                LSM303AGR_ACC_R_LOWPWR_EN
 .text.LSM303AGR_ACC_R_HiRes
                0x080008f0       0x20 Drivers/BSP/Components/lsm303agr/LSM303AGR_ACC_driver.o
                0x080008f0                LSM303AGR_ACC_R_HiRes
 .text.LSM303AGR_ACC_Get_Acceleration
                0x08000910      0x12c Drivers/BSP/Components/lsm303agr/LSM303AGR_ACC_driver.o
                0x08000910                LSM303AGR_ACC_Get_Acceleration
 .text.LSM303AGR_ACC_R_XDataAvail
                0x08000a3c       0x20 Drivers/BSP/Components/lsm303agr/LSM303AGR_ACC_driver.o
                0x08000a3c                LSM303AGR_ACC_R_XDataAvail
 .text.LSM303AGR_ACC_W_FifoMode
                0x08000a5c       0x40 Drivers/BSP/Components/lsm303agr/LSM303AGR_ACC_driver.o
                0x08000a5c                LSM303AGR_ACC_W_FifoMode
 .text.LSM303AGR_X_Set_ODR_When_Disabled
                0x08000a9c       0x50 Drivers/BSP/Components/lsm303agr/LSM303AGR_ACC_driver_HL.o
 .text.LSM303AGR_X_Set_ODR_Value_When_Disabled
                0x08000aec       0x9c Drivers/BSP/Components/lsm303agr/LSM303AGR_ACC_driver_HL.o
 .text.LSM303AGR_X_Get_DRDY_Status
                0x08000b88       0x30 Drivers/BSP/Components/lsm303agr/LSM303AGR_ACC_driver_HL.o
 .text.LSM303AGR_X_Write_Reg
                0x08000bb8       0x20 Drivers/BSP/Components/lsm303agr/LSM303AGR_ACC_driver_HL.o
 .text.LSM303AGR_X_Read_Reg
                0x08000bd8       0x14 Drivers/BSP/Components/lsm303agr/LSM303AGR_ACC_driver_HL.o
 .text.LSM303AGR_X_Set_Axes_Status
                0x08000bec       0x50 Drivers/BSP/Components/lsm303agr/LSM303AGR_ACC_driver_HL.o
 .text.LSM303AGR_X_Get_Axes_Status
                0x08000c3c       0x68 Drivers/BSP/Components/lsm303agr/LSM303AGR_ACC_driver_HL.o
 .text.LSM303AGR_X_Set_FS_Value
                0x08000ca4       0x48 Drivers/BSP/Components/lsm303agr/LSM303AGR_ACC_driver_HL.o
 .text.LSM303AGR_X_Set_FS
                0x08000cec       0x28 Drivers/BSP/Components/lsm303agr/LSM303AGR_ACC_driver_HL.o
 .text.LSM303AGR_X_Get_FS
                0x08000d14       0x64 Drivers/BSP/Components/lsm303agr/LSM303AGR_ACC_driver_HL.o
 .text.LSM303AGR_X_Get_Sensitivity_Normal_Mode
                0x08000d78       0x6c Drivers/BSP/Components/lsm303agr/LSM303AGR_ACC_driver_HL.o
 .text.LSM303AGR_X_Get_Sensitivity_LP_Mode
                0x08000de4       0x6c Drivers/BSP/Components/lsm303agr/LSM303AGR_ACC_driver_HL.o
 .text.LSM303AGR_X_Get_Sensitivity_HR_Mode
                0x08000e50       0x6c Drivers/BSP/Components/lsm303agr/LSM303AGR_ACC_driver_HL.o
 .text.LSM303AGR_X_Set_ODR_Value_When_Enabled
                0x08000ebc       0x8c Drivers/BSP/Components/lsm303agr/LSM303AGR_ACC_driver_HL.o
 .text.LSM303AGR_X_Set_ODR_Value
                0x08000f48       0x24 Drivers/BSP/Components/lsm303agr/LSM303AGR_ACC_driver_HL.o
 .text.LSM303AGR_X_Sensor_Enable
                0x08000f6c       0x28 Drivers/BSP/Components/lsm303agr/LSM303AGR_ACC_driver_HL.o
 .text.LSM303AGR_X_Set_ODR_When_Enabled
                0x08000f94       0x34 Drivers/BSP/Components/lsm303agr/LSM303AGR_ACC_driver_HL.o
 .text.LSM303AGR_X_Set_ODR
                0x08000fc8       0x24 Drivers/BSP/Components/lsm303agr/LSM303AGR_ACC_driver_HL.o
 .text.LSM303AGR_X_Get_ODR
                0x08000fec       0xac Drivers/BSP/Components/lsm303agr/LSM303AGR_ACC_driver_HL.o
 .text.LSM303AGR_X_Sensor_Disable
                0x08001098       0x30 Drivers/BSP/Components/lsm303agr/LSM303AGR_ACC_driver_HL.o
 .text.LSM303AGR_X_Get_Sensitivity
                0x080010c8       0x70 Drivers/BSP/Components/lsm303agr/LSM303AGR_ACC_driver_HL.o
 .text.LSM303AGR_X_Get_Axes_Raw
                0x08001138       0x88 Drivers/BSP/Components/lsm303agr/LSM303AGR_ACC_driver_HL.o
 .text.LSM303AGR_X_Get_AxesRaw
                0x080011c0       0x28 Drivers/BSP/Components/lsm303agr/LSM303AGR_ACC_driver_HL.o
 .text.LSM303AGR_X_Get_Axes
                0x080011e8       0x24 Drivers/BSP/Components/lsm303agr/LSM303AGR_ACC_driver_HL.o
 .text.LSM303AGR_X_Get_WhoAmI
                0x0800120c       0x10 Drivers/BSP/Components/lsm303agr/LSM303AGR_ACC_driver_HL.o
 .text.LSM303AGR_X_Check_WhoAmI
                0x0800121c       0x2c Drivers/BSP/Components/lsm303agr/LSM303AGR_ACC_driver_HL.o
 .text.LSM303AGR_X_DeInit
                0x08001248       0x28 Drivers/BSP/Components/lsm303agr/LSM303AGR_ACC_driver_HL.o
 .text.LSM303AGR_X_Init
                0x08001270       0x7c Drivers/BSP/Components/lsm303agr/LSM303AGR_ACC_driver_HL.o
 .text.LSM6DSL_ACC_GYRO_ReadReg
                0x080012ec       0x10 Drivers/BSP/Components/lsm6dsl/LSM6DSL_ACC_GYRO_driver.o
                0x080012ec                LSM6DSL_ACC_GYRO_ReadReg
 .text.LSM6DSL_ACC_GYRO_WriteReg
                0x080012fc       0x10 Drivers/BSP/Components/lsm6dsl/LSM6DSL_ACC_GYRO_driver.o
                0x080012fc                LSM6DSL_ACC_GYRO_WriteReg
 .text.LSM6DSL_ACC_GYRO_R_WHO_AM_I
                0x0800130c       0x18 Drivers/BSP/Components/lsm6dsl/LSM6DSL_ACC_GYRO_driver.o
                0x0800130c                LSM6DSL_ACC_GYRO_R_WHO_AM_I
 .text.LSM6DSL_ACC_GYRO_W_BDU
                0x08001324       0x40 Drivers/BSP/Components/lsm6dsl/LSM6DSL_ACC_GYRO_driver.o
                0x08001324                LSM6DSL_ACC_GYRO_W_BDU
 .text.LSM6DSL_ACC_GYRO_W_FS_XL
                0x08001364       0x40 Drivers/BSP/Components/lsm6dsl/LSM6DSL_ACC_GYRO_driver.o
                0x08001364                LSM6DSL_ACC_GYRO_W_FS_XL
 .text.LSM6DSL_ACC_GYRO_R_FS_XL
                0x080013a4       0x20 Drivers/BSP/Components/lsm6dsl/LSM6DSL_ACC_GYRO_driver.o
                0x080013a4                LSM6DSL_ACC_GYRO_R_FS_XL
 .text.LSM6DSL_ACC_GYRO_GetRawAccData
                0x080013c4       0x4c Drivers/BSP/Components/lsm6dsl/LSM6DSL_ACC_GYRO_driver.o
                0x080013c4                LSM6DSL_ACC_GYRO_GetRawAccData
 .text.LSM6DSL_ACC_GYRO_W_ODR_XL
                0x08001410       0x40 Drivers/BSP/Components/lsm6dsl/LSM6DSL_ACC_GYRO_driver.o
                0x08001410                LSM6DSL_ACC_GYRO_W_ODR_XL
 .text.LSM6DSL_ACC_GYRO_R_ODR_XL
                0x08001450       0x20 Drivers/BSP/Components/lsm6dsl/LSM6DSL_ACC_GYRO_driver.o
                0x08001450                LSM6DSL_ACC_GYRO_R_ODR_XL
 .text.LSM6DSL_ACC_GYRO_W_FS_G
                0x08001470       0x40 Drivers/BSP/Components/lsm6dsl/LSM6DSL_ACC_GYRO_driver.o
                0x08001470                LSM6DSL_ACC_GYRO_W_FS_G
 .text.LSM6DSL_ACC_GYRO_R_FS_G
                0x080014b0       0x20 Drivers/BSP/Components/lsm6dsl/LSM6DSL_ACC_GYRO_driver.o
                0x080014b0                LSM6DSL_ACC_GYRO_R_FS_G
 .text.LSM6DSL_ACC_GYRO_GetRawGyroData
                0x080014d0       0x4c Drivers/BSP/Components/lsm6dsl/LSM6DSL_ACC_GYRO_driver.o
                0x080014d0                LSM6DSL_ACC_GYRO_GetRawGyroData
 .text.LSM6DSL_ACC_GYRO_W_ODR_G
                0x0800151c       0x40 Drivers/BSP/Components/lsm6dsl/LSM6DSL_ACC_GYRO_driver.o
                0x0800151c                LSM6DSL_ACC_GYRO_W_ODR_G
 .text.LSM6DSL_ACC_GYRO_R_ODR_G
                0x0800155c       0x20 Drivers/BSP/Components/lsm6dsl/LSM6DSL_ACC_GYRO_driver.o
                0x0800155c                LSM6DSL_ACC_GYRO_R_ODR_G
 .text.LSM6DSL_ACC_GYRO_W_FS_125
                0x0800157c       0x40 Drivers/BSP/Components/lsm6dsl/LSM6DSL_ACC_GYRO_driver.o
                0x0800157c                LSM6DSL_ACC_GYRO_W_FS_125
 .text.LSM6DSL_ACC_GYRO_R_FS_125
                0x080015bc       0x20 Drivers/BSP/Components/lsm6dsl/LSM6DSL_ACC_GYRO_driver.o
                0x080015bc                LSM6DSL_ACC_GYRO_R_FS_125
 .text.LSM6DSL_ACC_GYRO_W_EmbeddedAccess
                0x080015dc       0x40 Drivers/BSP/Components/lsm6dsl/LSM6DSL_ACC_GYRO_driver.o
                0x080015dc                LSM6DSL_ACC_GYRO_W_EmbeddedAccess
 .text.LSM6DSL_ACC_GYRO_W_FIFO_Watermark
                0x0800161c       0x6c Drivers/BSP/Components/lsm6dsl/LSM6DSL_ACC_GYRO_driver.o
                0x0800161c                LSM6DSL_ACC_GYRO_W_FIFO_Watermark
 .text.LSM6DSL_ACC_GYRO_W_DEC_FIFO_XL
                0x08001688       0x40 Drivers/BSP/Components/lsm6dsl/LSM6DSL_ACC_GYRO_driver.o
                0x08001688                LSM6DSL_ACC_GYRO_W_DEC_FIFO_XL
 .text.LSM6DSL_ACC_GYRO_W_DEC_FIFO_G
                0x080016c8       0x40 Drivers/BSP/Components/lsm6dsl/LSM6DSL_ACC_GYRO_driver.o
                0x080016c8                LSM6DSL_ACC_GYRO_W_DEC_FIFO_G
 .text.LSM6DSL_ACC_GYRO_W_STOP_ON_FTH
                0x08001708       0x40 Drivers/BSP/Components/lsm6dsl/LSM6DSL_ACC_GYRO_driver.o
                0x08001708                LSM6DSL_ACC_GYRO_W_STOP_ON_FTH
 .text.LSM6DSL_ACC_GYRO_W_FIFO_MODE
                0x08001748       0x40 Drivers/BSP/Components/lsm6dsl/LSM6DSL_ACC_GYRO_driver.o
                0x08001748                LSM6DSL_ACC_GYRO_W_FIFO_MODE
 .text.LSM6DSL_ACC_GYRO_W_ODR_FIFO
                0x08001788       0x40 Drivers/BSP/Components/lsm6dsl/LSM6DSL_ACC_GYRO_driver.o
                0x08001788                LSM6DSL_ACC_GYRO_W_ODR_FIFO
 .text.LSM6DSL_ACC_GYRO_W_FULL_FLAG_on_INT1
                0x080017c8       0x40 Drivers/BSP/Components/lsm6dsl/LSM6DSL_ACC_GYRO_driver.o
                0x080017c8                LSM6DSL_ACC_GYRO_W_FULL_FLAG_on_INT1
 .text.LSM6DSL_ACC_GYRO_W_STEP_DET_on_INT1
                0x08001808       0x40 Drivers/BSP/Components/lsm6dsl/LSM6DSL_ACC_GYRO_driver.o
                0x08001808                LSM6DSL_ACC_GYRO_W_STEP_DET_on_INT1
 .text.LSM6DSL_ACC_GYRO_W_IF_Addr_Incr
                0x08001848       0x40 Drivers/BSP/Components/lsm6dsl/LSM6DSL_ACC_GYRO_driver.o
                0x08001848                LSM6DSL_ACC_GYRO_W_IF_Addr_Incr
 .text.LSM6DSL_ACC_GYRO_W_SelfTest_XL
                0x08001888       0x40 Drivers/BSP/Components/lsm6dsl/LSM6DSL_ACC_GYRO_driver.o
                0x08001888                LSM6DSL_ACC_GYRO_W_SelfTest_XL
 .text.LSM6DSL_ACC_GYRO_W_SelfTest_G
                0x080018c8       0x40 Drivers/BSP/Components/lsm6dsl/LSM6DSL_ACC_GYRO_driver.o
                0x080018c8                LSM6DSL_ACC_GYRO_W_SelfTest_G
 .text.LSM6DSL_ACC_GYRO_W_PedoStepReset
                0x08001908       0x40 Drivers/BSP/Components/lsm6dsl/LSM6DSL_ACC_GYRO_driver.o
                0x08001908                LSM6DSL_ACC_GYRO_W_PedoStepReset
 .text.LSM6DSL_ACC_GYRO_W_TILT
                0x08001948       0x40 Drivers/BSP/Components/lsm6dsl/LSM6DSL_ACC_GYRO_driver.o
                0x08001948                LSM6DSL_ACC_GYRO_W_TILT
 .text.LSM6DSL_ACC_GYRO_W_PEDO
                0x08001988       0x40 Drivers/BSP/Components/lsm6dsl/LSM6DSL_ACC_GYRO_driver.o
                0x08001988                LSM6DSL_ACC_GYRO_W_PEDO
 .text.LSM6DSL_ACC_GYRO_W_FUNC_EN
                0x080019c8       0x40 Drivers/BSP/Components/lsm6dsl/LSM6DSL_ACC_GYRO_driver.o
                0x080019c8                LSM6DSL_ACC_GYRO_W_FUNC_EN
 .text.LSM6DSL_ACC_GYRO_R_WU_EV_STATUS
                0x08001a08       0x20 Drivers/BSP/Components/lsm6dsl/LSM6DSL_ACC_GYRO_driver.o
                0x08001a08                LSM6DSL_ACC_GYRO_R_WU_EV_STATUS
 .text.LSM6DSL_ACC_GYRO_R_FF_EV_STATUS
                0x08001a28       0x20 Drivers/BSP/Components/lsm6dsl/LSM6DSL_ACC_GYRO_driver.o
                0x08001a28                LSM6DSL_ACC_GYRO_R_FF_EV_STATUS
 .text.LSM6DSL_ACC_GYRO_R_DOUBLE_TAP_EV_STATUS
                0x08001a48       0x20 Drivers/BSP/Components/lsm6dsl/LSM6DSL_ACC_GYRO_driver.o
                0x08001a48                LSM6DSL_ACC_GYRO_R_DOUBLE_TAP_EV_STATUS
 .text.LSM6DSL_ACC_GYRO_R_SINGLE_TAP_EV_STATUS
                0x08001a68       0x20 Drivers/BSP/Components/lsm6dsl/LSM6DSL_ACC_GYRO_driver.o
                0x08001a68                LSM6DSL_ACC_GYRO_R_SINGLE_TAP_EV_STATUS
 .text.LSM6DSL_ACC_GYRO_R_DSD_XL
                0x08001a88       0x20 Drivers/BSP/Components/lsm6dsl/LSM6DSL_ACC_GYRO_driver.o
                0x08001a88                LSM6DSL_ACC_GYRO_R_DSD_XL
 .text.LSM6DSL_ACC_GYRO_R_DSD_XH
                0x08001aa8       0x20 Drivers/BSP/Components/lsm6dsl/LSM6DSL_ACC_GYRO_driver.o
                0x08001aa8                LSM6DSL_ACC_GYRO_R_DSD_XH
 .text.LSM6DSL_ACC_GYRO_R_DSD_YL
                0x08001ac8       0x20 Drivers/BSP/Components/lsm6dsl/LSM6DSL_ACC_GYRO_driver.o
                0x08001ac8                LSM6DSL_ACC_GYRO_R_DSD_YL
 .text.LSM6DSL_ACC_GYRO_R_DSD_YH
                0x08001ae8       0x20 Drivers/BSP/Components/lsm6dsl/LSM6DSL_ACC_GYRO_driver.o
                0x08001ae8                LSM6DSL_ACC_GYRO_R_DSD_YH
 .text.LSM6DSL_ACC_GYRO_R_DSD_ZL
                0x08001b08       0x20 Drivers/BSP/Components/lsm6dsl/LSM6DSL_ACC_GYRO_driver.o
                0x08001b08                LSM6DSL_ACC_GYRO_R_DSD_ZL
 .text.LSM6DSL_ACC_GYRO_R_DSD_ZH
                0x08001b28       0x20 Drivers/BSP/Components/lsm6dsl/LSM6DSL_ACC_GYRO_driver.o
                0x08001b28                LSM6DSL_ACC_GYRO_R_DSD_ZH
 .text.LSM6DSL_ACC_GYRO_R_D6D_EV_STATUS
                0x08001b48       0x20 Drivers/BSP/Components/lsm6dsl/LSM6DSL_ACC_GYRO_driver.o
                0x08001b48                LSM6DSL_ACC_GYRO_R_D6D_EV_STATUS
 .text.LSM6DSL_ACC_GYRO_R_XLDA
                0x08001b68       0x20 Drivers/BSP/Components/lsm6dsl/LSM6DSL_ACC_GYRO_driver.o
                0x08001b68                LSM6DSL_ACC_GYRO_R_XLDA
 .text.LSM6DSL_ACC_GYRO_R_GDA
                0x08001b88       0x20 Drivers/BSP/Components/lsm6dsl/LSM6DSL_ACC_GYRO_driver.o
                0x08001b88                LSM6DSL_ACC_GYRO_R_GDA
 .text.LSM6DSL_ACC_GYRO_R_FIFONumOfEntries
                0x08001ba8       0x44 Drivers/BSP/Components/lsm6dsl/LSM6DSL_ACC_GYRO_driver.o
                0x08001ba8                LSM6DSL_ACC_GYRO_R_FIFONumOfEntries
 .text.LSM6DSL_ACC_GYRO_R_FIFOEmpty
                0x08001bec       0x20 Drivers/BSP/Components/lsm6dsl/LSM6DSL_ACC_GYRO_driver.o
                0x08001bec                LSM6DSL_ACC_GYRO_R_FIFOEmpty
 .text.LSM6DSL_ACC_GYRO_R_FIFOFull
                0x08001c0c       0x20 Drivers/BSP/Components/lsm6dsl/LSM6DSL_ACC_GYRO_driver.o
                0x08001c0c                LSM6DSL_ACC_GYRO_R_FIFOFull
 .text.LSM6DSL_ACC_GYRO_R_OVERRUN
                0x08001c2c       0x20 Drivers/BSP/Components/lsm6dsl/LSM6DSL_ACC_GYRO_driver.o
                0x08001c2c                LSM6DSL_ACC_GYRO_R_OVERRUN
 .text.LSM6DSL_ACC_GYRO_R_FIFOPattern
                0x08001c4c       0x44 Drivers/BSP/Components/lsm6dsl/LSM6DSL_ACC_GYRO_driver.o
                0x08001c4c                LSM6DSL_ACC_GYRO_R_FIFOPattern
 .text.LSM6DSL_ACC_GYRO_R_PEDO_EV_STATUS
                0x08001c90       0x20 Drivers/BSP/Components/lsm6dsl/LSM6DSL_ACC_GYRO_driver.o
                0x08001c90                LSM6DSL_ACC_GYRO_R_PEDO_EV_STATUS
 .text.LSM6DSL_ACC_GYRO_R_TILT_EV_STATUS
                0x08001cb0       0x20 Drivers/BSP/Components/lsm6dsl/LSM6DSL_ACC_GYRO_driver.o
                0x08001cb0                LSM6DSL_ACC_GYRO_R_TILT_EV_STATUS
 .text.LSM6DSL_ACC_GYRO_W_LIR
                0x08001cd0       0x40 Drivers/BSP/Components/lsm6dsl/LSM6DSL_ACC_GYRO_driver.o
                0x08001cd0                LSM6DSL_ACC_GYRO_W_LIR
 .text.LSM6DSL_ACC_GYRO_W_TAP_Z_EN
                0x08001d10       0x40 Drivers/BSP/Components/lsm6dsl/LSM6DSL_ACC_GYRO_driver.o
                0x08001d10                LSM6DSL_ACC_GYRO_W_TAP_Z_EN
 .text.LSM6DSL_ACC_GYRO_W_TAP_Y_EN
                0x08001d50       0x40 Drivers/BSP/Components/lsm6dsl/LSM6DSL_ACC_GYRO_driver.o
                0x08001d50                LSM6DSL_ACC_GYRO_W_TAP_Y_EN
 .text.LSM6DSL_ACC_GYRO_W_TAP_X_EN
                0x08001d90       0x40 Drivers/BSP/Components/lsm6dsl/LSM6DSL_ACC_GYRO_driver.o
                0x08001d90                LSM6DSL_ACC_GYRO_W_TAP_X_EN
 .text.LSM6DSL_ACC_GYRO_W_BASIC_INT
                0x08001dd0       0x40 Drivers/BSP/Components/lsm6dsl/LSM6DSL_ACC_GYRO_driver.o
                0x08001dd0                LSM6DSL_ACC_GYRO_W_BASIC_INT
 .text.LSM6DSL_ACC_GYRO_W_TAP_THS
                0x08001e10       0x40 Drivers/BSP/Components/lsm6dsl/LSM6DSL_ACC_GYRO_driver.o
                0x08001e10                LSM6DSL_ACC_GYRO_W_TAP_THS
 .text.LSM6DSL_ACC_GYRO_W_SIXD_THS
                0x08001e50       0x40 Drivers/BSP/Components/lsm6dsl/LSM6DSL_ACC_GYRO_driver.o
                0x08001e50                LSM6DSL_ACC_GYRO_W_SIXD_THS
 .text.LSM6DSL_ACC_GYRO_W_SHOCK_Duration
                0x08001e90       0x40 Drivers/BSP/Components/lsm6dsl/LSM6DSL_ACC_GYRO_driver.o
                0x08001e90                LSM6DSL_ACC_GYRO_W_SHOCK_Duration
 .text.LSM6DSL_ACC_GYRO_W_QUIET_Duration
                0x08001ed0       0x44 Drivers/BSP/Components/lsm6dsl/LSM6DSL_ACC_GYRO_driver.o
                0x08001ed0                LSM6DSL_ACC_GYRO_W_QUIET_Duration
 .text.LSM6DSL_ACC_GYRO_W_DUR
                0x08001f14       0x40 Drivers/BSP/Components/lsm6dsl/LSM6DSL_ACC_GYRO_driver.o
                0x08001f14                LSM6DSL_ACC_GYRO_W_DUR
 .text.LSM6DSL_ACC_GYRO_W_WK_THS
                0x08001f54       0x40 Drivers/BSP/Components/lsm6dsl/LSM6DSL_ACC_GYRO_driver.o
                0x08001f54                LSM6DSL_ACC_GYRO_W_WK_THS
 .text.LSM6DSL_ACC_GYRO_W_SINGLE_DOUBLE_TAP_EV
                0x08001f94       0x40 Drivers/BSP/Components/lsm6dsl/LSM6DSL_ACC_GYRO_driver.o
                0x08001f94                LSM6DSL_ACC_GYRO_W_SINGLE_DOUBLE_TAP_EV
 .text.LSM6DSL_ACC_GYRO_W_SLEEP_DUR
                0x08001fd4       0x40 Drivers/BSP/Components/lsm6dsl/LSM6DSL_ACC_GYRO_driver.o
                0x08001fd4                LSM6DSL_ACC_GYRO_W_SLEEP_DUR
 .text.LSM6DSL_ACC_GYRO_W_TIMER_HR
                0x08002014       0x40 Drivers/BSP/Components/lsm6dsl/LSM6DSL_ACC_GYRO_driver.o
                0x08002014                LSM6DSL_ACC_GYRO_W_TIMER_HR
 .text.LSM6DSL_ACC_GYRO_W_WAKE_DUR
                0x08002054       0x44 Drivers/BSP/Components/lsm6dsl/LSM6DSL_ACC_GYRO_driver.o
                0x08002054                LSM6DSL_ACC_GYRO_W_WAKE_DUR
 .text.LSM6DSL_ACC_GYRO_W_FF_THS
                0x08002098       0x40 Drivers/BSP/Components/lsm6dsl/LSM6DSL_ACC_GYRO_driver.o
                0x08002098                LSM6DSL_ACC_GYRO_W_FF_THS
 .text.LSM6DSL_ACC_GYRO_W_FF_Duration
                0x080020d8       0x78 Drivers/BSP/Components/lsm6dsl/LSM6DSL_ACC_GYRO_driver.o
                0x080020d8                LSM6DSL_ACC_GYRO_W_FF_Duration
 .text.LSM6DSL_ACC_GYRO_W_TiltEvOnInt1
                0x08002150       0x40 Drivers/BSP/Components/lsm6dsl/LSM6DSL_ACC_GYRO_driver.o
                0x08002150                LSM6DSL_ACC_GYRO_W_TiltEvOnInt1
 .text.LSM6DSL_ACC_GYRO_W_6DEvOnInt1
                0x08002190       0x40 Drivers/BSP/Components/lsm6dsl/LSM6DSL_ACC_GYRO_driver.o
                0x08002190                LSM6DSL_ACC_GYRO_W_6DEvOnInt1
 .text.LSM6DSL_ACC_GYRO_W_TapEvOnInt1
                0x080021d0       0x40 Drivers/BSP/Components/lsm6dsl/LSM6DSL_ACC_GYRO_driver.o
                0x080021d0                LSM6DSL_ACC_GYRO_W_TapEvOnInt1
 .text.LSM6DSL_ACC_GYRO_W_FFEvOnInt1
                0x08002210       0x40 Drivers/BSP/Components/lsm6dsl/LSM6DSL_ACC_GYRO_driver.o
                0x08002210                LSM6DSL_ACC_GYRO_W_FFEvOnInt1
 .text.LSM6DSL_ACC_GYRO_W_WUEvOnInt1
                0x08002250       0x40 Drivers/BSP/Components/lsm6dsl/LSM6DSL_ACC_GYRO_driver.o
                0x08002250                LSM6DSL_ACC_GYRO_W_WUEvOnInt1
 .text.LSM6DSL_ACC_GYRO_W_SingleTapOnInt1
                0x08002290       0x40 Drivers/BSP/Components/lsm6dsl/LSM6DSL_ACC_GYRO_driver.o
                0x08002290                LSM6DSL_ACC_GYRO_W_SingleTapOnInt1
 .text.LSM6DSL_ACC_GYRO_W_TiltEvOnInt2
                0x080022d0       0x40 Drivers/BSP/Components/lsm6dsl/LSM6DSL_ACC_GYRO_driver.o
                0x080022d0                LSM6DSL_ACC_GYRO_W_TiltEvOnInt2
 .text.LSM6DSL_ACC_GYRO_W_6DEvOnInt2
                0x08002310       0x40 Drivers/BSP/Components/lsm6dsl/LSM6DSL_ACC_GYRO_driver.o
                0x08002310                LSM6DSL_ACC_GYRO_W_6DEvOnInt2
 .text.LSM6DSL_ACC_GYRO_W_TapEvOnInt2
                0x08002350       0x40 Drivers/BSP/Components/lsm6dsl/LSM6DSL_ACC_GYRO_driver.o
                0x08002350                LSM6DSL_ACC_GYRO_W_TapEvOnInt2
 .text.LSM6DSL_ACC_GYRO_W_FFEvOnInt2
                0x08002390       0x40 Drivers/BSP/Components/lsm6dsl/LSM6DSL_ACC_GYRO_driver.o
                0x08002390                LSM6DSL_ACC_GYRO_W_FFEvOnInt2
 .text.LSM6DSL_ACC_GYRO_W_WUEvOnInt2
                0x080023d0       0x40 Drivers/BSP/Components/lsm6dsl/LSM6DSL_ACC_GYRO_driver.o
                0x080023d0                LSM6DSL_ACC_GYRO_W_WUEvOnInt2
 .text.LSM6DSL_ACC_GYRO_W_SingleTapOnInt2
                0x08002410       0x40 Drivers/BSP/Components/lsm6dsl/LSM6DSL_ACC_GYRO_driver.o
                0x08002410                LSM6DSL_ACC_GYRO_W_SingleTapOnInt2
 .text.LSM6DSL_ACC_GYRO_Get_GetFIFOData
                0x08002450       0x44 Drivers/BSP/Components/lsm6dsl/LSM6DSL_ACC_GYRO_driver.o
                0x08002450                LSM6DSL_ACC_GYRO_Get_GetFIFOData
 .text.LSM6DSL_ACC_GYRO_Get_GetStepCounter
                0x08002494       0x44 Drivers/BSP/Components/lsm6dsl/LSM6DSL_ACC_GYRO_driver.o
                0x08002494                LSM6DSL_ACC_GYRO_Get_GetStepCounter
 .text.LSM6DSL_ACC_GYRO_W_PedoThreshold
                0x080024d8       0x4c Drivers/BSP/Components/lsm6dsl/LSM6DSL_ACC_GYRO_driver.o
                0x080024d8                LSM6DSL_ACC_GYRO_W_PedoThreshold
 .text.LSM6DSL_X_Set_ODR_When_Disabled
                0x08002524       0x50 Drivers/BSP/Components/lsm6dsl/LSM6DSL_ACC_GYRO_driver_HL.o
 .text.LSM6DSL_X_Set_ODR_Value_When_Disabled
                0x08002574       0xf0 Drivers/BSP/Components/lsm6dsl/LSM6DSL_ACC_GYRO_driver_HL.o
 .text.LSM6DSL_G_Set_ODR_When_Disabled
                0x08002664       0x50 Drivers/BSP/Components/lsm6dsl/LSM6DSL_ACC_GYRO_driver_HL.o
 .text.LSM6DSL_G_Set_ODR_Value_When_Disabled
                0x080026b4       0xf0 Drivers/BSP/Components/lsm6dsl/LSM6DSL_ACC_GYRO_driver_HL.o
 .text.LSM6DSL_X_Set_SelfTest
                0x080027a4       0x18 Drivers/BSP/Components/lsm6dsl/LSM6DSL_ACC_GYRO_driver_HL.o
 .text.LSM6DSL_Set_Interrupt_Latch
                0x080027bc       0x18 Drivers/BSP/Components/lsm6dsl/LSM6DSL_ACC_GYRO_driver_HL.o
 .text.LSM6DSL_X_Set_Interrupt_Latch
                0x080027d4        0x8 Drivers/BSP/Components/lsm6dsl/LSM6DSL_ACC_GYRO_driver_HL.o
 .text.LSM6DSL_G_Set_Interrupt_Latch
                0x080027dc        0x8 Drivers/BSP/Components/lsm6dsl/LSM6DSL_ACC_GYRO_driver_HL.o
 .text.LSM6DSL_FIFO_Set_Stop_On_Fth
                0x080027e4       0x20 Drivers/BSP/Components/lsm6dsl/LSM6DSL_ACC_GYRO_driver_HL.o
 .text.LSM6DSL_FIFO_Set_Watermark_Level
                0x08002804       0x10 Drivers/BSP/Components/lsm6dsl/LSM6DSL_ACC_GYRO_driver_HL.o
 .text.LSM6DSL_FIFO_Set_INT1_FIFO_Full
                0x08002814       0x20 Drivers/BSP/Components/lsm6dsl/LSM6DSL_ACC_GYRO_driver_HL.o
 .text.LSM6DSL_FIFO_Set_Mode
                0x08002834       0x24 Drivers/BSP/Components/lsm6dsl/LSM6DSL_ACC_GYRO_driver_HL.o
 .text.LSM6DSL_X_Get_Sensitivity
                0x08002858       0x6c Drivers/BSP/Components/lsm6dsl/LSM6DSL_ACC_GYRO_driver_HL.o
 .text.LSM6DSL_X_Get_FS
                0x080028c4       0x64 Drivers/BSP/Components/lsm6dsl/LSM6DSL_ACC_GYRO_driver_HL.o
 .text.LSM6DSL_FIFO_X_Set_Decimation
                0x08002928       0x18 Drivers/BSP/Components/lsm6dsl/LSM6DSL_ACC_GYRO_driver_HL.o
 .text.LSM6DSL_FIFO_Get_Num_Of_Samples
                0x08002940       0x10 Drivers/BSP/Components/lsm6dsl/LSM6DSL_ACC_GYRO_driver_HL.o
 .text.LSM6DSL_FIFO_Get_Data
                0x08002950       0x10 Drivers/BSP/Components/lsm6dsl/LSM6DSL_ACC_GYRO_driver_HL.o
 .text.LSM6DSL_FIFO_X_Get_Axis
                0x08002960       0x50 Drivers/BSP/Components/lsm6dsl/LSM6DSL_ACC_GYRO_driver_HL.o
 .text.LSM6DSL_FIFO_Get_Pattern
                0x080029b0       0x10 Drivers/BSP/Components/lsm6dsl/LSM6DSL_ACC_GYRO_driver_HL.o
 .text.LSM6DSL_FIFO_Get_Overrun_Status
                0x080029c0       0x34 Drivers/BSP/Components/lsm6dsl/LSM6DSL_ACC_GYRO_driver_HL.o
 .text.LSM6DSL_FIFO_Get_Empty_Status
                0x080029f4       0x34 Drivers/BSP/Components/lsm6dsl/LSM6DSL_ACC_GYRO_driver_HL.o
 .text.LSM6DSL_FIFO_Get_Full_Status
                0x08002a28       0x34 Drivers/BSP/Components/lsm6dsl/LSM6DSL_ACC_GYRO_driver_HL.o
 .text.LSM6DSL_FIFO_Set_ODR_Value
                0x08002a5c       0xd0 Drivers/BSP/Components/lsm6dsl/LSM6DSL_ACC_GYRO_driver_HL.o
 .text.LSM6DSL_Read_Reg
                0x08002b2c       0x14 Drivers/BSP/Components/lsm6dsl/LSM6DSL_ACC_GYRO_driver_HL.o
 .text.LSM6DSL_X_Read_Reg
                0x08002b40       0x10 Drivers/BSP/Components/lsm6dsl/LSM6DSL_ACC_GYRO_driver_HL.o
 .text.LSM6DSL_X_Get_Event_Status
                0x08002b50      0x1b0 Drivers/BSP/Components/lsm6dsl/LSM6DSL_ACC_GYRO_driver_HL.o
 .text.LSM6DSL_G_Read_Reg
                0x08002d00       0x10 Drivers/BSP/Components/lsm6dsl/LSM6DSL_ACC_GYRO_driver_HL.o
 .text.LSM6DSL_X_Get_6D_Orientation_ZH
                0x08002d10       0x34 Drivers/BSP/Components/lsm6dsl/LSM6DSL_ACC_GYRO_driver_HL.o
 .text.LSM6DSL_X_Get_6D_Orientation_ZL
                0x08002d44       0x34 Drivers/BSP/Components/lsm6dsl/LSM6DSL_ACC_GYRO_driver_HL.o
 .text.LSM6DSL_X_Get_6D_Orientation_YH
                0x08002d78       0x34 Drivers/BSP/Components/lsm6dsl/LSM6DSL_ACC_GYRO_driver_HL.o
 .text.LSM6DSL_X_Get_6D_Orientation_YL
                0x08002dac       0x34 Drivers/BSP/Components/lsm6dsl/LSM6DSL_ACC_GYRO_driver_HL.o
 .text.LSM6DSL_X_Get_6D_Orientation_XH
                0x08002de0       0x34 Drivers/BSP/Components/lsm6dsl/LSM6DSL_ACC_GYRO_driver_HL.o
 .text.LSM6DSL_X_Get_6D_Orientation_XL
                0x08002e14       0x30 Drivers/BSP/Components/lsm6dsl/LSM6DSL_ACC_GYRO_driver_HL.o
 .text.LSM6DSL_X_Get_6D_Orientation_Status
                0x08002e44       0x34 Drivers/BSP/Components/lsm6dsl/LSM6DSL_ACC_GYRO_driver_HL.o
 .text.LSM6DSL_X_Disable_6D_Orientation
                0x08002e78       0x40 Drivers/BSP/Components/lsm6dsl/LSM6DSL_ACC_GYRO_driver_HL.o
 .text.LSM6DSL_X_Set_FS_Value
                0x08002eb8       0x48 Drivers/BSP/Components/lsm6dsl/LSM6DSL_ACC_GYRO_driver_HL.o
 .text.LSM6DSL_X_Set_FS
                0x08002f00       0x28 Drivers/BSP/Components/lsm6dsl/LSM6DSL_ACC_GYRO_driver_HL.o
 .text.LSM6DSL_X_Set_ODR_Value_When_Enabled
                0x08002f28       0xd0 Drivers/BSP/Components/lsm6dsl/LSM6DSL_ACC_GYRO_driver_HL.o
 .text.LSM6DSL_X_Set_ODR_Value
                0x08002ff8       0x24 Drivers/BSP/Components/lsm6dsl/LSM6DSL_ACC_GYRO_driver_HL.o
 .text.LSM6DSL_X_Enable_6D_Orientation
                0x0800301c       0x70 Drivers/BSP/Components/lsm6dsl/LSM6DSL_ACC_GYRO_driver_HL.o
 .text.LSM6DSL_X_Sensor_Enable
                0x0800308c       0x28 Drivers/BSP/Components/lsm6dsl/LSM6DSL_ACC_GYRO_driver_HL.o
 .text.LSM6DSL_X_Set_ODR_When_Enabled
                0x080030b4       0x30 Drivers/BSP/Components/lsm6dsl/LSM6DSL_ACC_GYRO_driver_HL.o
 .text.LSM6DSL_X_Set_ODR
                0x080030e4       0x24 Drivers/BSP/Components/lsm6dsl/LSM6DSL_ACC_GYRO_driver_HL.o
 .text.LSM6DSL_X_Set_Tap_Duration_Time
                0x08003108       0x10 Drivers/BSP/Components/lsm6dsl/LSM6DSL_ACC_GYRO_driver_HL.o
 .text.LSM6DSL_X_Set_Tap_Quiet_Time
                0x08003118       0x10 Drivers/BSP/Components/lsm6dsl/LSM6DSL_ACC_GYRO_driver_HL.o
 .text.LSM6DSL_X_Set_Tap_Shock_Time
                0x08003128       0x10 Drivers/BSP/Components/lsm6dsl/LSM6DSL_ACC_GYRO_driver_HL.o
 .text.LSM6DSL_X_Set_Tap_Threshold
                0x08003138       0x10 Drivers/BSP/Components/lsm6dsl/LSM6DSL_ACC_GYRO_driver_HL.o
 .text.LSM6DSL_X_Get_Double_Tap_Detection_Status
                0x08003148       0x34 Drivers/BSP/Components/lsm6dsl/LSM6DSL_ACC_GYRO_driver_HL.o
 .text.LSM6DSL_X_Disable_Double_Tap_Detection
                0x0800317c       0x98 Drivers/BSP/Components/lsm6dsl/LSM6DSL_ACC_GYRO_driver_HL.o
 .text.LSM6DSL_X_Enable_Double_Tap_Detection
                0x08003214       0xd0 Drivers/BSP/Components/lsm6dsl/LSM6DSL_ACC_GYRO_driver_HL.o
 .text.LSM6DSL_X_Get_Single_Tap_Detection_Status
                0x080032e4       0x34 Drivers/BSP/Components/lsm6dsl/LSM6DSL_ACC_GYRO_driver_HL.o
 .text.LSM6DSL_X_Disable_Single_Tap_Detection
                0x08003318       0x80 Drivers/BSP/Components/lsm6dsl/LSM6DSL_ACC_GYRO_driver_HL.o
 .text.LSM6DSL_X_Enable_Single_Tap_Detection
                0x08003398       0xb0 Drivers/BSP/Components/lsm6dsl/LSM6DSL_ACC_GYRO_driver_HL.o
 .text.LSM6DSL_X_Set_Wake_Up_Threshold
                0x08003448       0x10 Drivers/BSP/Components/lsm6dsl/LSM6DSL_ACC_GYRO_driver_HL.o
 .text.LSM6DSL_X_Get_Wake_Up_Detection_Status
                0x08003458       0x34 Drivers/BSP/Components/lsm6dsl/LSM6DSL_ACC_GYRO_driver_HL.o
 .text.LSM6DSL_X_Disable_Wake_Up_Detection
                0x0800348c       0x4c Drivers/BSP/Components/lsm6dsl/LSM6DSL_ACC_GYRO_driver_HL.o
 .text.LSM6DSL_X_Enable_Wake_Up_Detection
                0x080034d8       0x80 Drivers/BSP/Components/lsm6dsl/LSM6DSL_ACC_GYRO_driver_HL.o
 .text.LSM6DSL_X_Get_Tilt_Detection_Status
                0x08003558       0x34 Drivers/BSP/Components/lsm6dsl/LSM6DSL_ACC_GYRO_driver_HL.o
 .text.LSM6DSL_X_Disable_Tilt_Detection
                0x0800358c       0x40 Drivers/BSP/Components/lsm6dsl/LSM6DSL_ACC_GYRO_driver_HL.o
 .text.LSM6DSL_X_Enable_Tilt_Detection
                0x080035cc       0x6c Drivers/BSP/Components/lsm6dsl/LSM6DSL_ACC_GYRO_driver_HL.o
 .text.LSM6DSL_X_Set_Pedometer_Threshold
                0x08003638       0x10 Drivers/BSP/Components/lsm6dsl/LSM6DSL_ACC_GYRO_driver_HL.o
 .text.LSM6DSL_X_Disable_Step_Counter_Reset
                0x08003648       0x14 Drivers/BSP/Components/lsm6dsl/LSM6DSL_ACC_GYRO_driver_HL.o
 .text.LSM6DSL_X_Enable_Step_Counter_Reset
                0x0800365c       0x14 Drivers/BSP/Components/lsm6dsl/LSM6DSL_ACC_GYRO_driver_HL.o
 .text.LSM6DSL_X_Get_Step_Count
                0x08003670       0x10 Drivers/BSP/Components/lsm6dsl/LSM6DSL_ACC_GYRO_driver_HL.o
 .text.LSM6DSL_X_Get_Pedometer_Status
                0x08003680       0x34 Drivers/BSP/Components/lsm6dsl/LSM6DSL_ACC_GYRO_driver_HL.o
 .text.LSM6DSL_X_Disable_Pedometer
                0x080036b4       0x40 Drivers/BSP/Components/lsm6dsl/LSM6DSL_ACC_GYRO_driver_HL.o
 .text.LSM6DSL_X_Enable_Pedometer
                0x080036f4       0x58 Drivers/BSP/Components/lsm6dsl/LSM6DSL_ACC_GYRO_driver_HL.o
 .text.LSM6DSL_X_Set_Free_Fall_Threshold
                0x0800374c       0x10 Drivers/BSP/Components/lsm6dsl/LSM6DSL_ACC_GYRO_driver_HL.o
 .text.LSM6DSL_X_Get_Free_Fall_Detection_Status
                0x0800375c       0x34 Drivers/BSP/Components/lsm6dsl/LSM6DSL_ACC_GYRO_driver_HL.o
 .text.LSM6DSL_X_Disable_Free_Fall_Detection
                0x08003790       0x4c Drivers/BSP/Components/lsm6dsl/LSM6DSL_ACC_GYRO_driver_HL.o
 .text.LSM6DSL_X_Enable_Free_Fall_Detection
                0x080037dc       0xa8 Drivers/BSP/Components/lsm6dsl/LSM6DSL_ACC_GYRO_driver_HL.o
 .text.LSM6DSL_G_Set_SelfTest
                0x08003884       0x2c Drivers/BSP/Components/lsm6dsl/LSM6DSL_ACC_GYRO_driver_HL.o
 .text.LSM6DSL_G_Get_Sensitivity
                0x080038b0       0x94 Drivers/BSP/Components/lsm6dsl/LSM6DSL_ACC_GYRO_driver_HL.o
 .text.LSM6DSL_FIFO_G_Get_Axis
                0x08003944       0x50 Drivers/BSP/Components/lsm6dsl/LSM6DSL_ACC_GYRO_driver_HL.o
 .text.LSM6DSL_G_Get_FS
                0x08003994       0x94 Drivers/BSP/Components/lsm6dsl/LSM6DSL_ACC_GYRO_driver_HL.o
 .text.LSM6DSL_FIFO_G_Set_Decimation
                0x08003a28       0x58 Drivers/BSP/Components/lsm6dsl/LSM6DSL_ACC_GYRO_driver_HL.o
 .text.LSM6DSL_X_Get_DRDY_Status
                0x08003a80       0x30 Drivers/BSP/Components/lsm6dsl/LSM6DSL_ACC_GYRO_driver_HL.o
 .text.LSM6DSL_Write_Reg
                0x08003ab0       0x20 Drivers/BSP/Components/lsm6dsl/LSM6DSL_ACC_GYRO_driver_HL.o
 .text.LSM6DSL_X_Write_Reg
                0x08003ad0       0x10 Drivers/BSP/Components/lsm6dsl/LSM6DSL_ACC_GYRO_driver_HL.o
 .text.LSM6DSL_G_Write_Reg
                0x08003ae0       0x10 Drivers/BSP/Components/lsm6dsl/LSM6DSL_ACC_GYRO_driver_HL.o
 .text.LSM6DSL_X_Get_ODR
                0x08003af0       0xe0 Drivers/BSP/Components/lsm6dsl/LSM6DSL_ACC_GYRO_driver_HL.o
 .text.LSM6DSL_X_Sensor_Disable
                0x08003bd0       0x30 Drivers/BSP/Components/lsm6dsl/LSM6DSL_ACC_GYRO_driver_HL.o
 .text.LSM6DSL_X_Get_Axes_Raw
                0x08003c00       0x4c Drivers/BSP/Components/lsm6dsl/LSM6DSL_ACC_GYRO_driver_HL.o
 .text.LSM6DSL_X_Get_AxesRaw
                0x08003c4c       0x28 Drivers/BSP/Components/lsm6dsl/LSM6DSL_ACC_GYRO_driver_HL.o
 .text.LSM6DSL_X_Get_Axes
                0x08003c74       0x74 Drivers/BSP/Components/lsm6dsl/LSM6DSL_ACC_GYRO_driver_HL.o
 .text.LSM6DSL_Get_WhoAmI
                0x08003ce8       0x10 Drivers/BSP/Components/lsm6dsl/LSM6DSL_ACC_GYRO_driver_HL.o
 .text.LSM6DSL_Check_WhoAmI
                0x08003cf8       0x2c Drivers/BSP/Components/lsm6dsl/LSM6DSL_ACC_GYRO_driver_HL.o
 .text.LSM6DSL_X_Check_WhoAmI
                0x08003d24        0x8 Drivers/BSP/Components/lsm6dsl/LSM6DSL_ACC_GYRO_driver_HL.o
 .text.LSM6DSL_X_DeInit
                0x08003d2c       0x70 Drivers/BSP/Components/lsm6dsl/LSM6DSL_ACC_GYRO_driver_HL.o
 .text.LSM6DSL_G_Check_WhoAmI
                0x08003d9c        0x8 Drivers/BSP/Components/lsm6dsl/LSM6DSL_ACC_GYRO_driver_HL.o
 .text.LSM6DSL_X_Get_WhoAmI
                0x08003da4        0x8 Drivers/BSP/Components/lsm6dsl/LSM6DSL_ACC_GYRO_driver_HL.o
 .text.LSM6DSL_G_Get_WhoAmI
                0x08003dac        0x8 Drivers/BSP/Components/lsm6dsl/LSM6DSL_ACC_GYRO_driver_HL.o
 .text.LSM6DSL_X_Init
                0x08003db4       0x68 Drivers/BSP/Components/lsm6dsl/LSM6DSL_ACC_GYRO_driver_HL.o
 .text.LSM6DSL_G_Get_DRDY_Status
                0x08003e1c       0x34 Drivers/BSP/Components/lsm6dsl/LSM6DSL_ACC_GYRO_driver_HL.o
 .text.LSM6DSL_G_Set_FS_Value
                0x08003e50       0x8c Drivers/BSP/Components/lsm6dsl/LSM6DSL_ACC_GYRO_driver_HL.o
 .text.LSM6DSL_G_Set_FS
                0x08003edc       0x28 Drivers/BSP/Components/lsm6dsl/LSM6DSL_ACC_GYRO_driver_HL.o
 .text.LSM6DSL_G_Set_ODR_Value_When_Enabled
                0x08003f04       0xd0 Drivers/BSP/Components/lsm6dsl/LSM6DSL_ACC_GYRO_driver_HL.o
 .text.LSM6DSL_G_Set_ODR_Value
                0x08003fd4       0x24 Drivers/BSP/Components/lsm6dsl/LSM6DSL_ACC_GYRO_driver_HL.o
 .text.LSM6DSL_G_Sensor_Enable
                0x08003ff8       0x28 Drivers/BSP/Components/lsm6dsl/LSM6DSL_ACC_GYRO_driver_HL.o
 .text.LSM6DSL_G_Set_ODR_When_Enabled
                0x08004020       0x30 Drivers/BSP/Components/lsm6dsl/LSM6DSL_ACC_GYRO_driver_HL.o
 .text.LSM6DSL_G_Set_ODR
                0x08004050       0x24 Drivers/BSP/Components/lsm6dsl/LSM6DSL_ACC_GYRO_driver_HL.o
 .text.LSM6DSL_G_Init
                0x08004074       0x68 Drivers/BSP/Components/lsm6dsl/LSM6DSL_ACC_GYRO_driver_HL.o
 .text.LSM6DSL_G_Get_ODR
                0x080040dc       0xe0 Drivers/BSP/Components/lsm6dsl/LSM6DSL_ACC_GYRO_driver_HL.o
 .text.LSM6DSL_G_Sensor_Disable
                0x080041bc       0x30 Drivers/BSP/Components/lsm6dsl/LSM6DSL_ACC_GYRO_driver_HL.o
 .text.LSM6DSL_G_DeInit
                0x080041ec       0x28 Drivers/BSP/Components/lsm6dsl/LSM6DSL_ACC_GYRO_driver_HL.o
 .text.LSM6DSL_G_Get_Axes_Raw
                0x08004214       0x4c Drivers/BSP/Components/lsm6dsl/LSM6DSL_ACC_GYRO_driver_HL.o
 .text.LSM6DSL_G_Get_AxesRaw
                0x08004260       0x28 Drivers/BSP/Components/lsm6dsl/LSM6DSL_ACC_GYRO_driver_HL.o
 .text.LSM6DSL_G_Get_Axes
                0x08004288       0x74 Drivers/BSP/Components/lsm6dsl/LSM6DSL_ACC_GYRO_driver_HL.o
 .text.I2C_EXPBD_MspInit
                0x080042fc       0x84 Drivers/BSP/X_NUCLEO_IKS01A2/x_nucleo_iks01a2.o
 .text.I2C_EXPBD_Init
                0x08004380       0x44 Drivers/BSP/X_NUCLEO_IKS01A2/x_nucleo_iks01a2.o
 .text.I2C_EXPBD_Error
                0x080043c4       0x14 Drivers/BSP/X_NUCLEO_IKS01A2/x_nucleo_iks01a2.o
 .text.I2C_EXPBD_WriteData
                0x080043d8       0x34 Drivers/BSP/X_NUCLEO_IKS01A2/x_nucleo_iks01a2.o
 .text.I2C_EXPBD_ReadData
                0x0800440c       0x34 Drivers/BSP/X_NUCLEO_IKS01A2/x_nucleo_iks01a2.o
 .text.Sensor_IO_Init
                0x08004440       0x10 Drivers/BSP/X_NUCLEO_IKS01A2/x_nucleo_iks01a2.o
                0x08004440                Sensor_IO_Init
 .text.LSM6DSL_Sensor_IO_ITConfig
                0x08004450       0x90 Drivers/BSP/X_NUCLEO_IKS01A2/x_nucleo_iks01a2.o
                0x08004450                LSM6DSL_Sensor_IO_ITConfig
 .text.Sensor_IO_Write
                0x080044e0       0x7c Drivers/BSP/X_NUCLEO_IKS01A2/x_nucleo_iks01a2.o
                0x080044e0                Sensor_IO_Write
 .text.Sensor_IO_Read
                0x0800455c       0x7c Drivers/BSP/X_NUCLEO_IKS01A2/x_nucleo_iks01a2.o
                0x0800455c                Sensor_IO_Read
 .text.BSP_LSM303AGR_ACCELERO_Init
                0x080045d8       0x98 Drivers/BSP/X_NUCLEO_IKS01A2/x_nucleo_iks01a2_accelero.o
 .text.BSP_LSM6DSL_ACCELERO_Init
                0x08004670       0x98 Drivers/BSP/X_NUCLEO_IKS01A2/x_nucleo_iks01a2_accelero.o
 .text.BSP_ACCELERO_Init
                0x08004708       0x4c Drivers/BSP/X_NUCLEO_IKS01A2/x_nucleo_iks01a2_accelero.o
                0x08004708                BSP_ACCELERO_Init
 .text.BSP_ACCELERO_Sensor_Enable
                0x08004754       0x20 Drivers/BSP/X_NUCLEO_IKS01A2/x_nucleo_iks01a2_accelero.o
                0x08004754                BSP_ACCELERO_Sensor_Enable
 .text.BSP_ACCELERO_IsInitialized
                0x08004774       0x14 Drivers/BSP/X_NUCLEO_IKS01A2/x_nucleo_iks01a2_accelero.o
                0x08004774                BSP_ACCELERO_IsInitialized
 .text.BSP_ACCELERO_Get_Instance
                0x08004788       0x14 Drivers/BSP/X_NUCLEO_IKS01A2/x_nucleo_iks01a2_accelero.o
                0x08004788                BSP_ACCELERO_Get_Instance
 .text.BSP_ACCELERO_Get_Axes
                0x0800479c       0x24 Drivers/BSP/X_NUCLEO_IKS01A2/x_nucleo_iks01a2_accelero.o
                0x0800479c                BSP_ACCELERO_Get_Axes
 .text.HAL_Init
                0x080047c0       0x24 Drivers/STM32L4xx_HAL_Driver/Src/stm32l4xx_hal.o
                0x080047c0                HAL_Init
 .text.HAL_IncTick
                0x080047e4       0x10 Drivers/STM32L4xx_HAL_Driver/Src/stm32l4xx_hal.o
                0x080047e4                HAL_IncTick
 .text.HAL_GetTick
                0x080047f4        0xc Drivers/STM32L4xx_HAL_Driver/Src/stm32l4xx_hal.o
                0x080047f4                HAL_GetTick
 .text.HAL_NVIC_SetPriorityGrouping
                0x08004800       0x24 Drivers/STM32L4xx_HAL_Driver/Src/stm32l4xx_hal_cortex.o
                0x08004800                HAL_NVIC_SetPriorityGrouping
 .text.HAL_NVIC_SetPriority
                0x08004824       0x64 Drivers/STM32L4xx_HAL_Driver/Src/stm32l4xx_hal_cortex.o
                0x08004824                HAL_NVIC_SetPriority
 .text.HAL_NVIC_EnableIRQ
                0x08004888       0x18 Drivers/STM32L4xx_HAL_Driver/Src/stm32l4xx_hal_cortex.o
                0x08004888                HAL_NVIC_EnableIRQ
 .text.HAL_SYSTICK_Config
                0x080048a0       0x2c Drivers/STM32L4xx_HAL_Driver/Src/stm32l4xx_hal_cortex.o
                0x080048a0                HAL_SYSTICK_Config
 .text.HAL_SYSTICK_CLKSourceConfig
                0x080048cc       0x20 Drivers/STM32L4xx_HAL_Driver/Src/stm32l4xx_hal_cortex.o
                0x080048cc                HAL_SYSTICK_CLKSourceConfig
 .text.DMA_SetConfig
                0x080048ec       0x2c Drivers/STM32L4xx_HAL_Driver/Src/stm32l4xx_hal_dma.o
 .text.HAL_DMA_Init
                0x08004918       0xf8 Drivers/STM32L4xx_HAL_Driver/Src/stm32l4xx_hal_dma.o
                0x08004918                HAL_DMA_Init
 .text.HAL_DMA_Start_IT
                0x08004a10       0x78 Drivers/STM32L4xx_HAL_Driver/Src/stm32l4xx_hal_dma.o
                0x08004a10                HAL_DMA_Start_IT
 .text.HAL_DMA_IRQHandler
                0x08004a88       0xb4 Drivers/STM32L4xx_HAL_Driver/Src/stm32l4xx_hal_dma.o
                0x08004a88                HAL_DMA_IRQHandler
 .text.HAL_GPIO_Init
                0x08004b3c      0x1cc Drivers/STM32L4xx_HAL_Driver/Src/stm32l4xx_hal_gpio.o
                0x08004b3c                HAL_GPIO_Init
 .text.HAL_GPIO_WritePin
                0x08004d08        0xc Drivers/STM32L4xx_HAL_Driver/Src/stm32l4xx_hal_gpio.o
                0x08004d08                HAL_GPIO_WritePin
 .text.I2C_Flush_TXDR
                0x08004d14       0x24 Drivers/STM32L4xx_HAL_Driver/Src/stm32l4xx_hal_i2c.o
 .text.I2C_TransferConfig
                0x08004d38       0x24 Drivers/STM32L4xx_HAL_Driver/Src/stm32l4xx_hal_i2c.o
 .text.I2C_IsAcknowledgeFailed
                0x08004d5c       0x84 Drivers/STM32L4xx_HAL_Driver/Src/stm32l4xx_hal_i2c.o
 .text.I2C_WaitOnTXISFlagUntilTimeout
                0x08004de0       0x58 Drivers/STM32L4xx_HAL_Driver/Src/stm32l4xx_hal_i2c.o
 .text.I2C_WaitOnFlagUntilTimeout
                0x08004e38       0x4c Drivers/STM32L4xx_HAL_Driver/Src/stm32l4xx_hal_i2c.o
 .text.I2C_RequestMemoryWrite
                0x08004e84       0x84 Drivers/STM32L4xx_HAL_Driver/Src/stm32l4xx_hal_i2c.o
 .text.I2C_RequestMemoryRead
                0x08004f08       0x80 Drivers/STM32L4xx_HAL_Driver/Src/stm32l4xx_hal_i2c.o
 .text.I2C_WaitOnSTOPFlagUntilTimeout
                0x08004f88       0x50 Drivers/STM32L4xx_HAL_Driver/Src/stm32l4xx_hal_i2c.o
 .text.HAL_I2C_MspInit
                0x08004fd8        0x4 Drivers/STM32L4xx_HAL_Driver/Src/stm32l4xx_hal_i2c.o
                0x08004fd8                HAL_I2C_MspInit
 .text.HAL_I2C_Init
                0x08004fdc       0xbc Drivers/STM32L4xx_HAL_Driver/Src/stm32l4xx_hal_i2c.o
                0x08004fdc                HAL_I2C_Init
 .text.HAL_I2C_MspDeInit
                0x08005098        0x4 Drivers/STM32L4xx_HAL_Driver/Src/stm32l4xx_hal_i2c.o
                0x08005098                HAL_I2C_MspDeInit
 .text.HAL_I2C_DeInit
                0x0800509c       0x34 Drivers/STM32L4xx_HAL_Driver/Src/stm32l4xx_hal_i2c.o
                0x0800509c                HAL_I2C_DeInit
 .text.HAL_I2C_Mem_Write
                0x080050d0      0x1cc Drivers/STM32L4xx_HAL_Driver/Src/stm32l4xx_hal_i2c.o
                0x080050d0                HAL_I2C_Mem_Write
 .text.HAL_I2C_Mem_Read
                0x0800529c      0x1cc Drivers/STM32L4xx_HAL_Driver/Src/stm32l4xx_hal_i2c.o
                0x0800529c                HAL_I2C_Mem_Read
 .text.HAL_I2C_GetState
                0x08005468        0x8 Drivers/STM32L4xx_HAL_Driver/Src/stm32l4xx_hal_i2c.o
                0x08005468                HAL_I2C_GetState
 .text.HAL_PWREx_GetVoltageRange
                0x08005470       0x10 Drivers/STM32L4xx_HAL_Driver/Src/stm32l4xx_hal_pwr_ex.o
                0x08005470                HAL_PWREx_GetVoltageRange
 .text.HAL_PWREx_ControlVoltageScaling
                0x08005480       0x90 Drivers/STM32L4xx_HAL_Driver/Src/stm32l4xx_hal_pwr_ex.o
                0x08005480                HAL_PWREx_ControlVoltageScaling
 .text.RCC_SetFlashLatencyFromMSIRange
                0x08005510       0x90 Drivers/STM32L4xx_HAL_Driver/Src/stm32l4xx_hal_rcc.o
 .text.HAL_RCC_GetSysClockFreq
                0x080055a0      0x100 Drivers/STM32L4xx_HAL_Driver/Src/stm32l4xx_hal_rcc.o
                0x080055a0                HAL_RCC_GetSysClockFreq
 .text.HAL_RCC_OscConfig
                0x080056a0      0x598 Drivers/STM32L4xx_HAL_Driver/Src/stm32l4xx_hal_rcc.o
                0x080056a0                HAL_RCC_OscConfig
 .text.HAL_RCC_ClockConfig
                0x08005c38      0x1c0 Drivers/STM32L4xx_HAL_Driver/Src/stm32l4xx_hal_rcc.o
                0x08005c38                HAL_RCC_ClockConfig
 .text.HAL_RCC_GetHCLKFreq
                0x08005df8        0xc Drivers/STM32L4xx_HAL_Driver/Src/stm32l4xx_hal_rcc.o
                0x08005df8                HAL_RCC_GetHCLKFreq
 .text.HAL_RCC_GetPCLK1Freq
                0x08005e04       0x20 Drivers/STM32L4xx_HAL_Driver/Src/stm32l4xx_hal_rcc.o
                0x08005e04                HAL_RCC_GetPCLK1Freq
 .text.HAL_RCC_GetPCLK2Freq
                0x08005e24       0x20 Drivers/STM32L4xx_HAL_Driver/Src/stm32l4xx_hal_rcc.o
                0x08005e24                HAL_RCC_GetPCLK2Freq
 .text.HAL_RCC_GetClockConfig
                0x08005e44       0x3c Drivers/STM32L4xx_HAL_Driver/Src/stm32l4xx_hal_rcc.o
                0x08005e44                HAL_RCC_GetClockConfig
 .text.RCCEx_PLLSAI1_Config
                0x08005e80      0x180 Drivers/STM32L4xx_HAL_Driver/Src/stm32l4xx_hal_rcc_ex.o
 .text.RCCEx_PLLSAI2_Config
                0x08006000      0x15c Drivers/STM32L4xx_HAL_Driver/Src/stm32l4xx_hal_rcc_ex.o
 .text.HAL_RCCEx_PeriphCLKConfig
                0x0800615c      0x438 Drivers/STM32L4xx_HAL_Driver/Src/stm32l4xx_hal_rcc_ex.o
                0x0800615c                HAL_RCCEx_PeriphCLKConfig
 .text.TIM_OC1_SetConfig
                0x08006594       0x9c Drivers/STM32L4xx_HAL_Driver/Src/stm32l4xx_hal_tim.o
 .text.TIM_OC3_SetConfig
                0x08006630       0x8c Drivers/STM32L4xx_HAL_Driver/Src/stm32l4xx_hal_tim.o
 .text.TIM_OC4_SetConfig
                0x080066bc       0x6c Drivers/STM32L4xx_HAL_Driver/Src/stm32l4xx_hal_tim.o
 .text.TIM_OC5_SetConfig
                0x08006728       0x68 Drivers/STM32L4xx_HAL_Driver/Src/stm32l4xx_hal_tim.o
 .text.TIM_OC6_SetConfig
                0x08006790       0x6c Drivers/STM32L4xx_HAL_Driver/Src/stm32l4xx_hal_tim.o
 .text.TIM_TI1_ConfigInputStage
                0x080067fc       0x28 Drivers/STM32L4xx_HAL_Driver/Src/stm32l4xx_hal_tim.o
 .text.TIM_TI2_ConfigInputStage
                0x08006824       0x28 Drivers/STM32L4xx_HAL_Driver/Src/stm32l4xx_hal_tim.o
 .text.TIM_ITRx_SetConfig
                0x0800684c       0x10 Drivers/STM32L4xx_HAL_Driver/Src/stm32l4xx_hal_tim.o
 .text.HAL_TIM_Base_Start_IT
                0x0800685c       0x18 Drivers/STM32L4xx_HAL_Driver/Src/stm32l4xx_hal_tim.o
                0x0800685c                HAL_TIM_Base_Start_IT
 .text.HAL_TIM_OC_MspInit
                0x08006874        0x4 Drivers/STM32L4xx_HAL_Driver/Src/stm32l4xx_hal_tim.o
                0x08006874                HAL_TIM_OC_MspInit
 .text.HAL_TIM_PWM_MspInit
                0x08006878        0x4 Drivers/STM32L4xx_HAL_Driver/Src/stm32l4xx_hal_tim.o
                0x08006878                HAL_TIM_PWM_MspInit
 .text.HAL_TIM_OC_DelayElapsedCallback
                0x0800687c        0x4 Drivers/STM32L4xx_HAL_Driver/Src/stm32l4xx_hal_tim.o
                0x0800687c                HAL_TIM_OC_DelayElapsedCallback
 .text.HAL_TIM_IC_CaptureCallback
                0x08006880        0x4 Drivers/STM32L4xx_HAL_Driver/Src/stm32l4xx_hal_tim.o
                0x08006880                HAL_TIM_IC_CaptureCallback
 .text.TIM_DMADelayPulseCplt
                0x08006884       0x44 Drivers/STM32L4xx_HAL_Driver/Src/stm32l4xx_hal_tim.o
                0x08006884                TIM_DMADelayPulseCplt
 .text.HAL_TIM_TriggerCallback
                0x080068c8        0x4 Drivers/STM32L4xx_HAL_Driver/Src/stm32l4xx_hal_tim.o
                0x080068c8                HAL_TIM_TriggerCallback
 .text.HAL_TIM_IRQHandler
                0x080068cc      0x174 Drivers/STM32L4xx_HAL_Driver/Src/stm32l4xx_hal_tim.o
                0x080068cc                HAL_TIM_IRQHandler
 .text.HAL_TIM_ErrorCallback
                0x08006a40        0x4 Drivers/STM32L4xx_HAL_Driver/Src/stm32l4xx_hal_tim.o
                0x08006a40                HAL_TIM_ErrorCallback
 .text.TIM_DMAError
                0x08006a44       0x10 Drivers/STM32L4xx_HAL_Driver/Src/stm32l4xx_hal_tim.o
                0x08006a44                TIM_DMAError
 .text.TIM_Base_SetConfig
                0x08006a54       0xc8 Drivers/STM32L4xx_HAL_Driver/Src/stm32l4xx_hal_tim.o
                0x08006a54                TIM_Base_SetConfig
 .text.HAL_TIM_Base_Init
                0x08006b1c       0x38 Drivers/STM32L4xx_HAL_Driver/Src/stm32l4xx_hal_tim.o
                0x08006b1c                HAL_TIM_Base_Init
 .text.HAL_TIM_OC_Init
                0x08006b54       0x38 Drivers/STM32L4xx_HAL_Driver/Src/stm32l4xx_hal_tim.o
                0x08006b54                HAL_TIM_OC_Init
 .text.HAL_TIM_PWM_Init
                0x08006b8c       0x38 Drivers/STM32L4xx_HAL_Driver/Src/stm32l4xx_hal_tim.o
                0x08006b8c                HAL_TIM_PWM_Init
 .text.TIM_OC2_SetConfig
                0x08006bc4       0x8c Drivers/STM32L4xx_HAL_Driver/Src/stm32l4xx_hal_tim.o
                0x08006bc4                TIM_OC2_SetConfig
 .text.HAL_TIM_OC_ConfigChannel
                0x08006c50       0x78 Drivers/STM32L4xx_HAL_Driver/Src/stm32l4xx_hal_tim.o
                0x08006c50                HAL_TIM_OC_ConfigChannel
 .text.HAL_TIM_PWM_ConfigChannel
                0x08006cc8      0x138 Drivers/STM32L4xx_HAL_Driver/Src/stm32l4xx_hal_tim.o
                0x08006cc8                HAL_TIM_PWM_ConfigChannel
 .text.TIM_ETR_SetConfig
                0x08006e00       0x1c Drivers/STM32L4xx_HAL_Driver/Src/stm32l4xx_hal_tim.o
                0x08006e00                TIM_ETR_SetConfig
 .text.HAL_TIM_ConfigClockSource
                0x08006e1c      0x120 Drivers/STM32L4xx_HAL_Driver/Src/stm32l4xx_hal_tim.o
                0x08006e1c                HAL_TIM_ConfigClockSource
 .text.TIM_CCxChannelCmd
                0x08006f3c       0x20 Drivers/STM32L4xx_HAL_Driver/Src/stm32l4xx_hal_tim.o
                0x08006f3c                TIM_CCxChannelCmd
 .text.HAL_TIM_PWM_Start_DMA
                0x08006f5c      0x144 Drivers/STM32L4xx_HAL_Driver/Src/stm32l4xx_hal_tim.o
                0x08006f5c                HAL_TIM_PWM_Start_DMA
 .text.HAL_TIM_PWM_Stop_DMA
                0x080070a0       0xd8 Drivers/STM32L4xx_HAL_Driver/Src/stm32l4xx_hal_tim.o
                0x080070a0                HAL_TIM_PWM_Stop_DMA
 .text.HAL_TIMEx_MasterConfigSynchronization
                0x08007178       0x58 Drivers/STM32L4xx_HAL_Driver/Src/stm32l4xx_hal_tim_ex.o
                0x08007178                HAL_TIMEx_MasterConfigSynchronization
 .text.HAL_TIMEx_CommutationCallback
                0x080071d0        0x4 Drivers/STM32L4xx_HAL_Driver/Src/stm32l4xx_hal_tim_ex.o
                0x080071d0                HAL_TIMEx_CommutationCallback
 .text.HAL_TIMEx_BreakCallback
                0x080071d4        0x4 Drivers/STM32L4xx_HAL_Driver/Src/stm32l4xx_hal_tim_ex.o
                0x080071d4                HAL_TIMEx_BreakCallback
 .text.UART_SetConfig
                0x080071d8      0x414 Drivers/STM32L4xx_HAL_Driver/Src/stm32l4xx_hal_uart.o
                0x080071d8                UART_SetConfig
 .text.UART_AdvFeatureConfig
                0x080075ec       0xc8 Drivers/STM32L4xx_HAL_Driver/Src/stm32l4xx_hal_uart.o
                0x080075ec                UART_AdvFeatureConfig
 .text.UART_WaitOnFlagUntilTimeout
                0x080076b4       0x68 Drivers/STM32L4xx_HAL_Driver/Src/stm32l4xx_hal_uart.o
                0x080076b4                UART_WaitOnFlagUntilTimeout
 .text.HAL_UART_Transmit
                0x0800771c       0xd4 Drivers/STM32L4xx_HAL_Driver/Src/stm32l4xx_hal_uart.o
                0x0800771c                HAL_UART_Transmit
 .text.UART_CheckIdleState
                0x080077f0       0x6c Drivers/STM32L4xx_HAL_Driver/Src/stm32l4xx_hal_uart.o
                0x080077f0                UART_CheckIdleState
 .text.HAL_UART_Init
                0x0800785c       0x6c Drivers/STM32L4xx_HAL_Driver/Src/stm32l4xx_hal_uart.o
                0x0800785c                HAL_UART_Init
 .text.ws2813_init_tim
                0x080078c8       0x6c LIBS/WS2813.o
                0x080078c8                ws2813_init_tim
 .text.ws2813_update_led
                0x08007934       0x34 LIBS/WS2813.o
                0x08007934                ws2813_update_led
 .text.ws2813_start_transmission_tim
                0x08007968       0x88 LIBS/WS2813.o
                0x08007968                ws2813_start_transmission_tim
 .text.HAL_TIM_PWM_PulseFinishedCallback
                0x080079f0       0x24 LIBS/WS2813.o
                0x080079f0                HAL_TIM_PWM_PulseFinishedCallback
 .text.makeFreeRtosPriority
                0x08007a14        0xc Middlewares/Third_Party/FreeRTOS/Source/CMSIS_RTOS/cmsis_os.o
 .text.osKernelStart
                0x08007a20        0xc Middlewares/Third_Party/FreeRTOS/Source/CMSIS_RTOS/cmsis_os.o
                0x08007a20                osKernelStart
 .text.osThreadCreate
                0x08007a2c       0x34 Middlewares/Third_Party/FreeRTOS/Source/CMSIS_RTOS/cmsis_os.o
                0x08007a2c                osThreadCreate
 .text.osDelay  0x08007a60       0x10 Middlewares/Third_Party/FreeRTOS/Source/CMSIS_RTOS/cmsis_os.o
                0x08007a60                osDelay
 .text.osSystickHandler
                0x08007a70       0x10 Middlewares/Third_Party/FreeRTOS/Source/CMSIS_RTOS/cmsis_os.o
                0x08007a70                osSystickHandler
 .text.vListInitialise
                0x08007a80       0x18 Middlewares/Third_Party/FreeRTOS/Source/list.o
                0x08007a80                vListInitialise
 .text.vListInitialiseItem
                0x08007a98        0x8 Middlewares/Third_Party/FreeRTOS/Source/list.o
                0x08007a98                vListInitialiseItem
 .text.vListInsertEnd
                0x08007aa0       0x18 Middlewares/Third_Party/FreeRTOS/Source/list.o
                0x08007aa0                vListInsertEnd
 .text.vListInsert
                0x08007ab8       0x34 Middlewares/Third_Party/FreeRTOS/Source/list.o
                0x08007ab8                vListInsert
 .text.uxListRemove
                0x08007aec       0x24 Middlewares/Third_Party/FreeRTOS/Source/list.o
                0x08007aec                uxListRemove
 .text.prvIsQueueFull
                0x08007b10       0x20 Middlewares/Third_Party/FreeRTOS/Source/queue.o
 .text.prvIsQueueEmpty
                0x08007b30       0x1c Middlewares/Third_Party/FreeRTOS/Source/queue.o
 .text.prvCopyDataToQueue
                0x08007b4c       0x78 Middlewares/Third_Party/FreeRTOS/Source/queue.o
 .text.prvCopyDataFromQueue
                0x08007bc4       0x24 Middlewares/Third_Party/FreeRTOS/Source/queue.o
 .text.prvUnlockQueue
                0x08007be8       0x68 Middlewares/Third_Party/FreeRTOS/Source/queue.o
 .text.xQueueGenericReset
                0x08007c50       0x80 Middlewares/Third_Party/FreeRTOS/Source/queue.o
                0x08007c50                xQueueGenericReset
 .text.prvInitialiseNewQueue
                0x08007cd0       0x1c Middlewares/Third_Party/FreeRTOS/Source/queue.o
 .text.xQueueGenericCreate
                0x08007cec       0x4c Middlewares/Third_Party/FreeRTOS/Source/queue.o
                0x08007cec                xQueueGenericCreate
 .text.xQueueGenericSend
                0x08007d38      0x190 Middlewares/Third_Party/FreeRTOS/Source/queue.o
                0x08007d38                xQueueGenericSend
 .text.xQueueGenericSendFromISR
                0x08007ec8       0xe4 Middlewares/Third_Party/FreeRTOS/Source/queue.o
                0x08007ec8                xQueueGenericSendFromISR
 .text.xQueueGiveFromISR
                0x08007fac       0xbc Middlewares/Third_Party/FreeRTOS/Source/queue.o
                0x08007fac                xQueueGiveFromISR
 .text.xQueueGenericReceive
                0x08008068      0x1a0 Middlewares/Third_Party/FreeRTOS/Source/queue.o
                0x08008068                xQueueGenericReceive
 .text.vQueueAddToRegistry
                0x08008208       0x28 Middlewares/Third_Party/FreeRTOS/Source/queue.o
                0x08008208                vQueueAddToRegistry
 .text.vQueueWaitForMessageRestricted
                0x08008230       0x4c Middlewares/Third_Party/FreeRTOS/Source/queue.o
                0x08008230                vQueueWaitForMessageRestricted
 .text.prvResetNextTaskUnblockTime
                0x0800827c       0x2c Middlewares/Third_Party/FreeRTOS/Source/tasks.o
 .text.prvDeleteTCB
                0x080082a8       0x14 Middlewares/Third_Party/FreeRTOS/Source/tasks.o
 .text.prvInitialiseNewTask
                0x080082bc       0x80 Middlewares/Third_Party/FreeRTOS/Source/tasks.o
 .text.prvInitialiseTaskLists
                0x0800833c       0x58 Middlewares/Third_Party/FreeRTOS/Source/tasks.o
 .text.prvAddNewTaskToReadyList
                0x08008394       0xac Middlewares/Third_Party/FreeRTOS/Source/tasks.o
 .text.prvAddCurrentTaskToDelayedList
                0x08008440       0x84 Middlewares/Third_Party/FreeRTOS/Source/tasks.o
 .text.xTaskCreate
                0x080084c4       0x64 Middlewares/Third_Party/FreeRTOS/Source/tasks.o
                0x080084c4                xTaskCreate
 .text.vTaskStartScheduler
                0x08008528       0x7c Middlewares/Third_Party/FreeRTOS/Source/tasks.o
                0x08008528                vTaskStartScheduler
 .text.vTaskSuspendAll
                0x080085a4       0x14 Middlewares/Third_Party/FreeRTOS/Source/tasks.o
                0x080085a4                vTaskSuspendAll
 .text.xTaskGetTickCount
                0x080085b8        0xc Middlewares/Third_Party/FreeRTOS/Source/tasks.o
                0x080085b8                xTaskGetTickCount
 .text.xTaskIncrementTick
                0x080085c4      0x118 Middlewares/Third_Party/FreeRTOS/Source/tasks.o
                0x080085c4                xTaskIncrementTick
 .text.xTaskResumeAll
                0x080086dc       0xf4 Middlewares/Third_Party/FreeRTOS/Source/tasks.o
                0x080086dc                xTaskResumeAll
 .text.vTaskDelay
                0x080087d0       0x50 Middlewares/Third_Party/FreeRTOS/Source/tasks.o
                0x080087d0                vTaskDelay
 .text.prvCheckTasksWaitingTermination
                0x08008820       0x54 Middlewares/Third_Party/FreeRTOS/Source/tasks.o
 .text.prvIdleTask
                0x08008874       0x28 Middlewares/Third_Party/FreeRTOS/Source/tasks.o
 .text.vTaskSwitchContext
                0x0800889c       0x90 Middlewares/Third_Party/FreeRTOS/Source/tasks.o
                0x0800889c                vTaskSwitchContext
 .text.vTaskPlaceOnEventList
                0x0800892c       0x34 Middlewares/Third_Party/FreeRTOS/Source/tasks.o
                0x0800892c                vTaskPlaceOnEventList
 .text.vTaskPlaceOnEventListRestricted
                0x08008960       0x3c Middlewares/Third_Party/FreeRTOS/Source/tasks.o
                0x08008960                vTaskPlaceOnEventListRestricted
 .text.xTaskRemoveFromEventList
                0x0800899c       0x88 Middlewares/Third_Party/FreeRTOS/Source/tasks.o
                0x0800899c                xTaskRemoveFromEventList
 .text.vTaskSetTimeOutState
                0x08008a24       0x28 Middlewares/Third_Party/FreeRTOS/Source/tasks.o
                0x08008a24                vTaskSetTimeOutState
 .text.xTaskCheckForTimeOut
                0x08008a4c       0x80 Middlewares/Third_Party/FreeRTOS/Source/tasks.o
                0x08008a4c                xTaskCheckForTimeOut
 .text.vTaskMissedYield
                0x08008acc       0x10 Middlewares/Third_Party/FreeRTOS/Source/tasks.o
                0x08008acc                vTaskMissedYield
 .text.xTaskGetSchedulerState
                0x08008adc       0x20 Middlewares/Third_Party/FreeRTOS/Source/tasks.o
                0x08008adc                xTaskGetSchedulerState
 .text.vTaskPriorityInherit
                0x08008afc       0xb4 Middlewares/Third_Party/FreeRTOS/Source/tasks.o
                0x08008afc                vTaskPriorityInherit
 .text.xTaskPriorityDisinherit
                0x08008bb0       0xb8 Middlewares/Third_Party/FreeRTOS/Source/tasks.o
                0x08008bb0                xTaskPriorityDisinherit
 .text.pvTaskIncrementMutexHeldCount
                0x08008c68       0x20 Middlewares/Third_Party/FreeRTOS/Source/tasks.o
                0x08008c68                pvTaskIncrementMutexHeldCount
 .text.prvGetNextExpireTime
                0x08008c88       0x20 Middlewares/Third_Party/FreeRTOS/Source/timers.o
 .text.prvInsertTimerInActiveList
                0x08008ca8       0x44 Middlewares/Third_Party/FreeRTOS/Source/timers.o
 .text.prvCheckForValidListAndQueue
                0x08008cec       0x48 Middlewares/Third_Party/FreeRTOS/Source/timers.o
 .text.prvInitialiseNewTimer
                0x08008d34       0x40 Middlewares/Third_Party/FreeRTOS/Source/timers.o
 .text.xTimerCreateTimerTask
                0x08008d74       0x54 Middlewares/Third_Party/FreeRTOS/Source/timers.o
                0x08008d74                xTimerCreateTimerTask
 .text.xTimerCreate
                0x08008dc8       0x34 Middlewares/Third_Party/FreeRTOS/Source/timers.o
                0x08008dc8                xTimerCreate
 .text.xTimerGenericCommand
                0x08008dfc       0x6c Middlewares/Third_Party/FreeRTOS/Source/timers.o
                0x08008dfc                xTimerGenericCommand
 .text.prvSwitchTimerLists
                0x08008e68       0x74 Middlewares/Third_Party/FreeRTOS/Source/timers.o
 .text.prvSampleTimeNow
                0x08008edc       0x2c Middlewares/Third_Party/FreeRTOS/Source/timers.o
 .text.prvProcessExpiredTimer
                0x08008f08       0x5c Middlewares/Third_Party/FreeRTOS/Source/timers.o
 .text.prvProcessTimerOrBlockTask
                0x08008f64       0x70 Middlewares/Third_Party/FreeRTOS/Source/timers.o
 .text.prvProcessReceivedCommands
                0x08008fd4       0xbc Middlewares/Third_Party/FreeRTOS/Source/timers.o
 .text.prvTimerTask
                0x08009090       0x18 Middlewares/Third_Party/FreeRTOS/Source/timers.o
 .text.prvTaskExitError
                0x080090a8       0x34 Middlewares/Third_Party/FreeRTOS/Source/portable/GCC/ARM_CM4F/port.o
 .text.prvPortStartFirstTask
                0x080090dc       0x20 Middlewares/Third_Party/FreeRTOS/Source/portable/GCC/ARM_CM4F/port.o
 .text.vPortEnableVFP
                0x080090fc       0x14 Middlewares/Third_Party/FreeRTOS/Source/portable/GCC/ARM_CM4F/port.o
 .text.pxPortInitialiseStack
                0x08009110       0x2c Middlewares/Third_Party/FreeRTOS/Source/portable/GCC/ARM_CM4F/port.o
                0x08009110                pxPortInitialiseStack
 *fill*         0x0800913c        0x4 
 .text.SVC_Handler
                0x08009140       0x24 Middlewares/Third_Party/FreeRTOS/Source/portable/GCC/ARM_CM4F/port.o
                0x08009140                SVC_Handler
 .text.vPortEnterCritical
                0x08009164       0x44 Middlewares/Third_Party/FreeRTOS/Source/portable/GCC/ARM_CM4F/port.o
                0x08009164                vPortEnterCritical
 .text.vPortExitCritical
                0x080091a8       0x2c Middlewares/Third_Party/FreeRTOS/Source/portable/GCC/ARM_CM4F/port.o
                0x080091a8                vPortExitCritical
 *fill*         0x080091d4        0xc 
 .text.PendSV_Handler
                0x080091e0       0x64 Middlewares/Third_Party/FreeRTOS/Source/portable/GCC/ARM_CM4F/port.o
                0x080091e0                PendSV_Handler
 .text.xPortSysTickHandler
                0x08009244       0x2c Middlewares/Third_Party/FreeRTOS/Source/portable/GCC/ARM_CM4F/port.o
                0x08009244                xPortSysTickHandler
 .text.vPortSetupTimerInterrupt
                0x08009270       0x2c Middlewares/Third_Party/FreeRTOS/Source/portable/GCC/ARM_CM4F/port.o
                0x08009270                vPortSetupTimerInterrupt
 .text.xPortStartScheduler
                0x0800929c       0xe8 Middlewares/Third_Party/FreeRTOS/Source/portable/GCC/ARM_CM4F/port.o
                0x0800929c                xPortStartScheduler
 .text.vPortValidateInterruptPriority
                0x08009384       0x58 Middlewares/Third_Party/FreeRTOS/Source/portable/GCC/ARM_CM4F/port.o
                0x08009384                vPortValidateInterruptPriority
 .text.prvHeapInit
                0x080093dc       0x58 Middlewares/Third_Party/FreeRTOS/Source/portable/MemMang/heap_4.o
 .text.prvInsertBlockIntoFreeList
                0x08009434       0x58 Middlewares/Third_Party/FreeRTOS/Source/portable/MemMang/heap_4.o
 .text.pvPortMalloc
                0x0800948c      0x10c Middlewares/Third_Party/FreeRTOS/Source/portable/MemMang/heap_4.o
                0x0800948c                pvPortMalloc
 .text.vPortFree
                0x08009598       0x78 Middlewares/Third_Party/FreeRTOS/Source/portable/MemMang/heap_4.o
                0x08009598                vPortFree
 .text.MX_DMA_Init
                0x08009610       0x44 Src/dma.o
                0x08009610                MX_DMA_Init
 .text.StartDefaultTask
                0x08009654        0xc Src/freertos.o
                0x08009654                StartDefaultTask
 .text.vAcquisitionCallback
                0x08009660       0x70 Src/freertos.o
                0x08009660                vAcquisitionCallback
 .text.vLedsTimerCallback
                0x080096d0      0x158 Src/freertos.o
                0x080096d0                vLedsTimerCallback
 .text.MX_FREERTOS_Init
                0x08009828       0xa8 Src/freertos.o
                0x08009828                MX_FREERTOS_Init
 .text.MX_GPIO_Init
                0x080098d0       0xb8 Src/gpio.o
                0x080098d0                MX_GPIO_Init
 .text.HAL_TIM_PeriodElapsedCallback
                0x08009988       0x14 Src/main.o
                0x08009988                HAL_TIM_PeriodElapsedCallback
 .text._Error_Handler
                0x0800999c        0x4 Src/main.o
                0x0800999c                _Error_Handler
 .text.SystemClock_Config
                0x080099a0       0xac Src/main.o
                0x080099a0                SystemClock_Config
 .text.main     0x08009a4c       0x24 Src/main.o
                0x08009a4c                main
 .text.HAL_MspInit
                0x08009a70       0x90 Src/stm32l4xx_hal_msp.o
                0x08009a70                HAL_MspInit
 .text.HAL_InitTick
                0x08009b00       0x78 Src/stm32l4xx_hal_timebase_TIM.o
                0x08009b00                HAL_InitTick
 .text.SysTick_Handler
                0x08009b78        0x8 Src/stm32l4xx_it.o
                0x08009b78                SysTick_Handler
 .text.DMA1_Channel3_IRQHandler
                0x08009b80       0x10 Src/stm32l4xx_it.o
                0x08009b80                DMA1_Channel3_IRQHandler
 .text.DMA1_Channel6_IRQHandler
                0x08009b90       0x10 Src/stm32l4xx_it.o
                0x08009b90                DMA1_Channel6_IRQHandler
 .text.TIM1_UP_TIM16_IRQHandler
                0x08009ba0       0x10 Src/stm32l4xx_it.o
                0x08009ba0                TIM1_UP_TIM16_IRQHandler
 .text.TIM3_IRQHandler
                0x08009bb0       0x10 Src/stm32l4xx_it.o
                0x08009bb0                TIM3_IRQHandler
 .text.SystemInit
                0x08009bc0       0x48 Src/system_stm32l4xx.o
                0x08009bc0                SystemInit
 .text.HAL_TIM_Base_MspInit
                0x08009c08       0xcc Src/tim.o
                0x08009c08                HAL_TIM_Base_MspInit
 .text.HAL_TIM_MspPostInit
                0x08009cd4       0x34 Src/tim.o
                0x08009cd4                HAL_TIM_MspPostInit
 .text.MX_TIM3_Init
                0x08009d08       0xcc Src/tim.o
                0x08009d08                MX_TIM3_Init
 .text.MX_USART2_UART_Init
                0x08009dd4       0x40 Src/usart.o
                0x08009dd4                MX_USART2_UART_Init
 .text.HAL_UART_MspInit
                0x08009e14       0x4c Src/usart.o
                0x08009e14                HAL_UART_MspInit
 .text.Reset_Handler
                0x08009e60       0x50 startup/startup_stm32l476xx.o
                0x08009e60                Reset_Handler
 .text.Default_Handler
                0x08009eb0        0x2 startup/startup_stm32l476xx.o
                0x08009eb0                RTC_Alarm_IRQHandler
                0x08009eb0                EXTI2_IRQHandler
                0x08009eb0                TIM8_TRG_COM_IRQHandler
                0x08009eb0                TIM8_CC_IRQHandler
                0x08009eb0                DebugMon_Handler
                0x08009eb0                TIM1_CC_IRQHandler
                0x08009eb0                TSC_IRQHandler
                0x08009eb0                HardFault_Handler
                0x08009eb0                TAMP_STAMP_IRQHandler
                0x08009eb0                NMI_Handler
                0x08009eb0                EXTI3_IRQHandler
                0x08009eb0                LPTIM2_IRQHandler
                0x08009eb0                DFSDM1_FLT1_IRQHandler
                0x08009eb0                I2C3_ER_IRQHandler
                0x08009eb0                DFSDM1_FLT2_IRQHandler
                0x08009eb0                EXTI0_IRQHandler
                0x08009eb0                I2C2_EV_IRQHandler
                0x08009eb0                CAN1_RX0_IRQHandler
                0x08009eb0                FPU_IRQHandler
                0x08009eb0                UsageFault_Handler
                0x08009eb0                ADC1_2_IRQHandler
                0x08009eb0                SPI1_IRQHandler
                0x08009eb0                TIM6_DAC_IRQHandler
                0x08009eb0                TIM8_UP_IRQHandler
                0x08009eb0                DMA2_Channel2_IRQHandler
                0x08009eb0                DMA1_Channel4_IRQHandler
                0x08009eb0                SAI2_IRQHandler
                0x08009eb0                DFSDM1_FLT3_IRQHandler
                0x08009eb0                USART3_IRQHandler
                0x08009eb0                DMA1_Channel7_IRQHandler
                0x08009eb0                CAN1_RX1_IRQHandler
                0x08009eb0                LCD_IRQHandler
                0x08009eb0                UART5_IRQHandler
                0x08009eb0                ADC3_IRQHandler
                0x08009eb0                TIM4_IRQHandler
                0x08009eb0                DMA2_Channel1_IRQHandler
                0x08009eb0                QUADSPI_IRQHandler
                0x08009eb0                I2C1_EV_IRQHandler
                0x08009eb0                UART4_IRQHandler
                0x08009eb0                DMA2_Channel4_IRQHandler
                0x08009eb0                RCC_IRQHandler
                0x08009eb0                DMA1_Channel1_IRQHandler
                0x08009eb0                Default_Handler
                0x08009eb0                DMA2_Channel7_IRQHandler
                0x08009eb0                EXTI15_10_IRQHandler
                0x08009eb0                TIM7_IRQHandler
                0x08009eb0                SDMMC1_IRQHandler
                0x08009eb0                TIM5_IRQHandler
                0x08009eb0                I2C3_EV_IRQHandler
                0x08009eb0                EXTI9_5_IRQHandler
                0x08009eb0                RTC_WKUP_IRQHandler
                0x08009eb0                PVD_PVM_IRQHandler
                0x08009eb0                SPI2_IRQHandler
                0x08009eb0                MemManage_Handler
                0x08009eb0                CAN1_TX_IRQHandler
                0x08009eb0                DMA2_Channel5_IRQHandler
                0x08009eb0                DMA1_Channel5_IRQHandler
                0x08009eb0                EXTI4_IRQHandler
                0x08009eb0                RNG_IRQHandler
                0x08009eb0                TIM1_TRG_COM_TIM17_IRQHandler
                0x08009eb0                COMP_IRQHandler
                0x08009eb0                WWDG_IRQHandler
                0x08009eb0                LPUART1_IRQHandler
                0x08009eb0                DMA2_Channel6_IRQHandler
                0x08009eb0                TIM2_IRQHandler
                0x08009eb0                EXTI1_IRQHandler
                0x08009eb0                USART2_IRQHandler
                0x08009eb0                DFSDM1_FLT0_IRQHandler
                0x08009eb0                I2C2_ER_IRQHandler
                0x08009eb0                DMA1_Channel2_IRQHandler
                0x08009eb0                TIM8_BRK_IRQHandler
                0x08009eb0                CAN1_SCE_IRQHandler
                0x08009eb0                FLASH_IRQHandler
                0x08009eb0                BusFault_Handler
                0x08009eb0                USART1_IRQHandler
                0x08009eb0                OTG_FS_IRQHandler
                0x08009eb0                SPI3_IRQHandler
                0x08009eb0                I2C1_ER_IRQHandler
                0x08009eb0                FMC_IRQHandler
                0x08009eb0                SWPMI1_IRQHandler
                0x08009eb0                LPTIM1_IRQHandler
                0x08009eb0                SAI1_IRQHandler
                0x08009eb0                DMA2_Channel3_IRQHandler
                0x08009eb0                TIM1_BRK_TIM15_IRQHandler
 *fill*         0x08009eb2        0x2 
 .text.__libc_init_array
                0x08009eb4       0x4c /home/imerir/STM32/SystemWorkbench/plugins/fr.ac6.mcu.externaltools.arm-none.linux64_1.13.1.201703061524/tools/compiler/bin/../lib/gcc/arm-none-eabi/5.4.1/../../../../arm-none-eabi/lib/armv7e-m/fpu/libc_nano.a(lib_a-init.o)
                0x08009eb4                __libc_init_array
 .text.malloc   0x08009f00       0x10 /home/imerir/STM32/SystemWorkbench/plugins/fr.ac6.mcu.externaltools.arm-none.linux64_1.13.1.201703061524/tools/compiler/bin/../lib/gcc/arm-none-eabi/5.4.1/../../../../arm-none-eabi/lib/armv7e-m/fpu/libc_nano.a(lib_a-malloc.o)
                0x08009f00                malloc
 .text.free     0x08009f10       0x10 /home/imerir/STM32/SystemWorkbench/plugins/fr.ac6.mcu.externaltools.arm-none.linux64_1.13.1.201703061524/tools/compiler/bin/../lib/gcc/arm-none-eabi/5.4.1/../../../../arm-none-eabi/lib/armv7e-m/fpu/libc_nano.a(lib_a-malloc.o)
                0x08009f10                free
 .text.memcpy   0x08009f20       0x16 /home/imerir/STM32/SystemWorkbench/plugins/fr.ac6.mcu.externaltools.arm-none.linux64_1.13.1.201703061524/tools/compiler/bin/../lib/gcc/arm-none-eabi/5.4.1/../../../../arm-none-eabi/lib/armv7e-m/fpu/libc_nano.a(lib_a-memcpy-stub.o)
                0x08009f20                memcpy
 .text.memset   0x08009f36       0x10 /home/imerir/STM32/SystemWorkbench/plugins/fr.ac6.mcu.externaltools.arm-none.linux64_1.13.1.201703061524/tools/compiler/bin/../lib/gcc/arm-none-eabi/5.4.1/../../../../arm-none-eabi/lib/armv7e-m/fpu/libc_nano.a(lib_a-memset.o)
                0x08009f36                memset
 *fill*         0x08009f46        0x2 
 .text._free_r  0x08009f48       0x9c /home/imerir/STM32/SystemWorkbench/plugins/fr.ac6.mcu.externaltools.arm-none.linux64_1.13.1.201703061524/tools/compiler/bin/../lib/gcc/arm-none-eabi/5.4.1/../../../../arm-none-eabi/lib/armv7e-m/fpu/libc_nano.a(lib_a-nano-freer.o)
                0x08009f48                _free_r
 .text._malloc_r
                0x08009fe4       0xbc /home/imerir/STM32/SystemWorkbench/plugins/fr.ac6.mcu.externaltools.arm-none.linux64_1.13.1.201703061524/tools/compiler/bin/../lib/gcc/arm-none-eabi/5.4.1/../../../../arm-none-eabi/lib/armv7e-m/fpu/libc_nano.a(lib_a-nano-mallocr.o)
                0x08009fe4                _malloc_r
 .text._sbrk_r  0x0800a0a0       0x20 /home/imerir/STM32/SystemWorkbench/plugins/fr.ac6.mcu.externaltools.arm-none.linux64_1.13.1.201703061524/tools/compiler/bin/../lib/gcc/arm-none-eabi/5.4.1/../../../../arm-none-eabi/lib/armv7e-m/fpu/libc_nano.a(lib_a-sbrkr.o)
                0x0800a0a0                _sbrk_r
 .text.snprintf
                0x0800a0c0       0x64 /home/imerir/STM32/SystemWorkbench/plugins/fr.ac6.mcu.externaltools.arm-none.linux64_1.13.1.201703061524/tools/compiler/bin/../lib/gcc/arm-none-eabi/5.4.1/../../../../arm-none-eabi/lib/armv7e-m/fpu/libc_nano.a(lib_a-snprintf.o)
                0x0800a0c0                snprintf
                0x0800a0c0                sniprintf
 .text.__malloc_lock
                0x0800a124        0x2 /home/imerir/STM32/SystemWorkbench/plugins/fr.ac6.mcu.externaltools.arm-none.linux64_1.13.1.201703061524/tools/compiler/bin/../lib/gcc/arm-none-eabi/5.4.1/../../../../arm-none-eabi/lib/armv7e-m/fpu/libc_nano.a(lib_a-mlock.o)
                0x0800a124                __malloc_lock
 .text.__malloc_unlock
                0x0800a126        0x2 /home/imerir/STM32/SystemWorkbench/plugins/fr.ac6.mcu.externaltools.arm-none.linux64_1.13.1.201703061524/tools/compiler/bin/../lib/gcc/arm-none-eabi/5.4.1/../../../../arm-none-eabi/lib/armv7e-m/fpu/libc_nano.a(lib_a-mlock.o)
                0x0800a126                __malloc_unlock
 .text.__ssputs_r
                0x0800a128       0xb2 /home/imerir/STM32/SystemWorkbench/plugins/fr.ac6.mcu.externaltools.arm-none.linux64_1.13.1.201703061524/tools/compiler/bin/../lib/gcc/arm-none-eabi/5.4.1/../../../../arm-none-eabi/lib/armv7e-m/fpu/libc_nano.a(lib_a-nano-svfprintf.o)
                0x0800a128                __ssputs_r
 *fill*         0x0800a1da        0x2 
 .text._svfprintf_r
                0x0800a1dc      0x1e8 /home/imerir/STM32/SystemWorkbench/plugins/fr.ac6.mcu.externaltools.arm-none.linux64_1.13.1.201703061524/tools/compiler/bin/../lib/gcc/arm-none-eabi/5.4.1/../../../../arm-none-eabi/lib/armv7e-m/fpu/libc_nano.a(lib_a-nano-svfprintf.o)
                0x0800a1dc                _svfprintf_r
                0x0800a1dc                _svfiprintf_r
 .text._printf_common
                0x0800a3c4       0xec /home/imerir/STM32/SystemWorkbench/plugins/fr.ac6.mcu.externaltools.arm-none.linux64_1.13.1.201703061524/tools/compiler/bin/../lib/gcc/arm-none-eabi/5.4.1/../../../../arm-none-eabi/lib/armv7e-m/fpu/libc_nano.a(lib_a-nano-vfprintf_i.o)
                0x0800a3c4                _printf_common
 .text._printf_i
                0x0800a4b0      0x24c /home/imerir/STM32/SystemWorkbench/plugins/fr.ac6.mcu.externaltools.arm-none.linux64_1.13.1.201703061524/tools/compiler/bin/../lib/gcc/arm-none-eabi/5.4.1/../../../../arm-none-eabi/lib/armv7e-m/fpu/libc_nano.a(lib_a-nano-vfprintf_i.o)
                0x0800a4b0                _printf_i
 .text.memmove  0x0800a6fc       0x36 /home/imerir/STM32/SystemWorkbench/plugins/fr.ac6.mcu.externaltools.arm-none.linux64_1.13.1.201703061524/tools/compiler/bin/../lib/gcc/arm-none-eabi/5.4.1/../../../../arm-none-eabi/lib/armv7e-m/fpu/libc_nano.a(lib_a-memmove.o)
                0x0800a6fc                memmove
 .text._realloc_r
                0x0800a732       0x4c /home/imerir/STM32/SystemWorkbench/plugins/fr.ac6.mcu.externaltools.arm-none.linux64_1.13.1.201703061524/tools/compiler/bin/../lib/gcc/arm-none-eabi/5.4.1/../../../../arm-none-eabi/lib/armv7e-m/fpu/libc_nano.a(lib_a-nano-reallocr.o)
                0x0800a732                _realloc_r
 .text._malloc_usable_size_r
                0x0800a77e       0x14 /home/imerir/STM32/SystemWorkbench/plugins/fr.ac6.mcu.externaltools.arm-none.linux64_1.13.1.201703061524/tools/compiler/bin/../lib/gcc/arm-none-eabi/5.4.1/../../../../arm-none-eabi/lib/armv7e-m/fpu/libc_nano.a(lib_a-nano-msizer.o)
                0x0800a77e                _malloc_usable_size_r
 *fill*         0x0800a792        0x2 
 .text._sbrk    0x0800a794       0x1c /home/imerir/STM32/SystemWorkbench/plugins/fr.ac6.mcu.externaltools.arm-none.linux64_1.13.1.201703061524/tools/compiler/bin/../lib/gcc/arm-none-eabi/5.4.1/../../../../arm-none-eabi/lib/armv7e-m/fpu/libnosys.a(sbrk.o)
                0x0800a794                _sbrk
 *(.glue_7)
 .glue_7        0x0800a7b0        0x0 linker stubs
 *(.glue_7t)
 .glue_7t       0x0800a7b0        0x0 linker stubs
 *(.eh_frame)
 .eh_frame      0x0800a7b0        0x0 /home/imerir/STM32/SystemWorkbench/plugins/fr.ac6.mcu.externaltools.arm-none.linux64_1.13.1.201703061524/tools/compiler/bin/../lib/gcc/arm-none-eabi/5.4.1/armv7e-m/fpu/crtbegin.o
 *(.init)
 .init          0x0800a7b0        0x4 /home/imerir/STM32/SystemWorkbench/plugins/fr.ac6.mcu.externaltools.arm-none.linux64_1.13.1.201703061524/tools/compiler/bin/../lib/gcc/arm-none-eabi/5.4.1/armv7e-m/fpu/crti.o
                0x0800a7b0                _init
 .init          0x0800a7b4        0x8 /home/imerir/STM32/SystemWorkbench/plugins/fr.ac6.mcu.externaltools.arm-none.linux64_1.13.1.201703061524/tools/compiler/bin/../lib/gcc/arm-none-eabi/5.4.1/armv7e-m/fpu/crtn.o
 *(.fini)
 .fini          0x0800a7bc        0x4 /home/imerir/STM32/SystemWorkbench/plugins/fr.ac6.mcu.externaltools.arm-none.linux64_1.13.1.201703061524/tools/compiler/bin/../lib/gcc/arm-none-eabi/5.4.1/armv7e-m/fpu/crti.o
                0x0800a7bc                _fini
 .fini          0x0800a7c0        0x8 /home/imerir/STM32/SystemWorkbench/plugins/fr.ac6.mcu.externaltools.arm-none.linux64_1.13.1.201703061524/tools/compiler/bin/../lib/gcc/arm-none-eabi/5.4.1/armv7e-m/fpu/crtn.o
                0x0800a7c8                . = ALIGN (0x8)
                0x0800a7c8                _etext = .

.vfp11_veneer   0x0800a7c8        0x0
 .vfp11_veneer  0x0800a7c8        0x0 linker stubs

.v4_bx          0x0800a7c8        0x0
 .v4_bx         0x0800a7c8        0x0 linker stubs

.iplt           0x0800a7c8        0x0
 .iplt          0x0800a7c8        0x0 /home/imerir/STM32/SystemWorkbench/plugins/fr.ac6.mcu.externaltools.arm-none.linux64_1.13.1.201703061524/tools/compiler/bin/../lib/gcc/arm-none-eabi/5.4.1/armv7e-m/fpu/crtbegin.o

.rodata         0x0800a7c8      0x1d0
                0x0800a7c8                . = ALIGN (0x8)
 *(.rodata)
 .rodata        0x0800a7c8       0x60 Drivers/BSP/Components/lsm303agr/LSM303AGR_ACC_driver.o
                0x0800a7c8                LSM303AGR_ACC_Sensitivity_List
 .rodata        0x0800a828        0x3 Drivers/BSP/Components/lsm303agr/LSM303AGR_ACC_driver_HL.o
 *fill*         0x0800a82b        0x1 
 .rodata        0x0800a82c       0x14 Src/freertos.o
 .rodata        0x0800a840       0x48 Src/system_stm32l4xx.o
                0x0800a840                MSIRangeTable
                0x0800a870                AHBPrescTable
                0x0800a880                APBPrescTable
 *(.rodata*)
 .rodata.str1.4
                0x0800a888        0x5 Middlewares/Third_Party/FreeRTOS/Source/tasks.o
 *fill*         0x0800a88d        0x3 
 .rodata.str1.4
                0x0800a890       0x10 Middlewares/Third_Party/FreeRTOS/Source/timers.o
 .rodata.str1.4
                0x0800a8a0       0x30 Src/freertos.o
 .rodata.str1.4
                0x0800a8d0        0xe Src/main.o
 *fill*         0x0800a8de        0x2 
 .rodata.str1.4
                0x0800a8e0        0xd Src/tim.o
 *fill*         0x0800a8ed        0x3 
 .rodata.str1.4
                0x0800a8f0       0x10 Src/usart.o